Archive member included to satisfy reference by file (symbol)

c:/st/stm32cubeide_1.10.1/stm32cubeide/plugins/com.st.stm32cube.ide.mcu.externaltools.gnu-tools-for-stm32.10.3-2021.10.win32_1.0.0.202111181127/tools/bin/../lib/gcc/arm-none-eabi/10.3.1/../../../../arm-none-eabi/lib/thumb/v7e-m+fp/hard\libc_nano.a(lib_a-errno.o)
                              ./Core/Src/syscalls.o (__errno)
c:/st/stm32cubeide_1.10.1/stm32cubeide/plugins/com.st.stm32cube.ide.mcu.externaltools.gnu-tools-for-stm32.10.3-2021.10.win32_1.0.0.202111181127/tools/bin/../lib/gcc/arm-none-eabi/10.3.1/../../../../arm-none-eabi/lib/thumb/v7e-m+fp/hard\libc_nano.a(lib_a-exit.o)
                              c:/st/stm32cubeide_1.10.1/stm32cubeide/plugins/com.st.stm32cube.ide.mcu.externaltools.gnu-tools-for-stm32.10.3-2021.10.win32_1.0.0.202111181127/tools/bin/../lib/gcc/arm-none-eabi/10.3.1/../../../../arm-none-eabi/lib/thumb/v7e-m+fp/hard/crt0.o (exit)
c:/st/stm32cubeide_1.10.1/stm32cubeide/plugins/com.st.stm32cube.ide.mcu.externaltools.gnu-tools-for-stm32.10.3-2021.10.win32_1.0.0.202111181127/tools/bin/../lib/gcc/arm-none-eabi/10.3.1/../../../../arm-none-eabi/lib/thumb/v7e-m+fp/hard\libc_nano.a(lib_a-impure.o)
                              c:/st/stm32cubeide_1.10.1/stm32cubeide/plugins/com.st.stm32cube.ide.mcu.externaltools.gnu-tools-for-stm32.10.3-2021.10.win32_1.0.0.202111181127/tools/bin/../lib/gcc/arm-none-eabi/10.3.1/../../../../arm-none-eabi/lib/thumb/v7e-m+fp/hard\libc_nano.a(lib_a-exit.o) (_global_impure_ptr)
c:/st/stm32cubeide_1.10.1/stm32cubeide/plugins/com.st.stm32cube.ide.mcu.externaltools.gnu-tools-for-stm32.10.3-2021.10.win32_1.0.0.202111181127/tools/bin/../lib/gcc/arm-none-eabi/10.3.1/../../../../arm-none-eabi/lib/thumb/v7e-m+fp/hard\libc_nano.a(lib_a-init.o)
                              c:/st/stm32cubeide_1.10.1/stm32cubeide/plugins/com.st.stm32cube.ide.mcu.externaltools.gnu-tools-for-stm32.10.3-2021.10.win32_1.0.0.202111181127/tools/bin/../lib/gcc/arm-none-eabi/10.3.1/../../../../arm-none-eabi/lib/thumb/v7e-m+fp/hard/crt0.o (__libc_init_array)
c:/st/stm32cubeide_1.10.1/stm32cubeide/plugins/com.st.stm32cube.ide.mcu.externaltools.gnu-tools-for-stm32.10.3-2021.10.win32_1.0.0.202111181127/tools/bin/../lib/gcc/arm-none-eabi/10.3.1/../../../../arm-none-eabi/lib/thumb/v7e-m+fp/hard\libc_nano.a(lib_a-memset.o)
                              c:/st/stm32cubeide_1.10.1/stm32cubeide/plugins/com.st.stm32cube.ide.mcu.externaltools.gnu-tools-for-stm32.10.3-2021.10.win32_1.0.0.202111181127/tools/bin/../lib/gcc/arm-none-eabi/10.3.1/../../../../arm-none-eabi/lib/thumb/v7e-m+fp/hard/crt0.o (memset)
c:/st/stm32cubeide_1.10.1/stm32cubeide/plugins/com.st.stm32cube.ide.mcu.externaltools.gnu-tools-for-stm32.10.3-2021.10.win32_1.0.0.202111181127/tools/bin/../lib/gcc/arm-none-eabi/10.3.1/thumb/v7e-m+fp/hard\libgcc.a(_aeabi_uldivmod.o)
                              ./Drivers/STM32F4xx_HAL_Driver/Src/stm32f4xx_hal_rcc.o (__aeabi_uldivmod)
c:/st/stm32cubeide_1.10.1/stm32cubeide/plugins/com.st.stm32cube.ide.mcu.externaltools.gnu-tools-for-stm32.10.3-2021.10.win32_1.0.0.202111181127/tools/bin/../lib/gcc/arm-none-eabi/10.3.1/thumb/v7e-m+fp/hard\libgcc.a(_udivmoddi4.o)
                              c:/st/stm32cubeide_1.10.1/stm32cubeide/plugins/com.st.stm32cube.ide.mcu.externaltools.gnu-tools-for-stm32.10.3-2021.10.win32_1.0.0.202111181127/tools/bin/../lib/gcc/arm-none-eabi/10.3.1/thumb/v7e-m+fp/hard\libgcc.a(_aeabi_uldivmod.o) (__udivmoddi4)
c:/st/stm32cubeide_1.10.1/stm32cubeide/plugins/com.st.stm32cube.ide.mcu.externaltools.gnu-tools-for-stm32.10.3-2021.10.win32_1.0.0.202111181127/tools/bin/../lib/gcc/arm-none-eabi/10.3.1/thumb/v7e-m+fp/hard\libgcc.a(_dvmd_tls.o)
                              c:/st/stm32cubeide_1.10.1/stm32cubeide/plugins/com.st.stm32cube.ide.mcu.externaltools.gnu-tools-for-stm32.10.3-2021.10.win32_1.0.0.202111181127/tools/bin/../lib/gcc/arm-none-eabi/10.3.1/thumb/v7e-m+fp/hard\libgcc.a(_aeabi_uldivmod.o) (__aeabi_ldiv0)

Discarded input sections

 .text          0x0000000000000000        0x0 c:/st/stm32cubeide_1.10.1/stm32cubeide/plugins/com.st.stm32cube.ide.mcu.externaltools.gnu-tools-for-stm32.10.3-2021.10.win32_1.0.0.202111181127/tools/bin/../lib/gcc/arm-none-eabi/10.3.1/thumb/v7e-m+fp/hard/crti.o
 .data          0x0000000000000000        0x0 c:/st/stm32cubeide_1.10.1/stm32cubeide/plugins/com.st.stm32cube.ide.mcu.externaltools.gnu-tools-for-stm32.10.3-2021.10.win32_1.0.0.202111181127/tools/bin/../lib/gcc/arm-none-eabi/10.3.1/thumb/v7e-m+fp/hard/crti.o
 .bss           0x0000000000000000        0x0 c:/st/stm32cubeide_1.10.1/stm32cubeide/plugins/com.st.stm32cube.ide.mcu.externaltools.gnu-tools-for-stm32.10.3-2021.10.win32_1.0.0.202111181127/tools/bin/../lib/gcc/arm-none-eabi/10.3.1/thumb/v7e-m+fp/hard/crti.o
[...]
Memory Configuration

Name             Origin             Length             Attributes
CCMRAM           0x0000000010000000 0x0000000000010000 xrw
RAM              0x0000000020000000 0x0000000000020000 xrw
FLASH            0x0000000008000000 0x0000000000100000 xr
*default*        0x0000000000000000 0xffffffffffffffff

Linker script and memory map

LOAD c:/st/stm32cubeide_1.10.1/stm32cubeide/plugins/com.st.stm32cube.ide.mcu.externaltools.gnu-tools-for-stm32.10.3-2021.10.win32_1.0.0.202111181127/tools/bin/../lib/gcc/arm-none-eabi/10.3.1/thumb/v7e-m+fp/hard/crti.o
LOAD c:/st/stm32cubeide_1.10.1/stm32cubeide/plugins/com.st.stm32cube.ide.mcu.externaltools.gnu-tools-for-stm32.10.3-2021.10.win32_1.0.0.202111181127/tools/bin/../lib/gcc/arm-none-eabi/10.3.1/thumb/v7e-m+fp/hard/crtbegin.o
LOAD c:/st/stm32cubeide_1.10.1/stm32cubeide/plugins/com.st.stm32cube.ide.mcu.externaltools.gnu-tools-for-stm32.10.3-2021.10.win32_1.0.0.202111181127/tools/bin/../lib/gcc/arm-none-eabi/10.3.1/../../../../arm-none-eabi/lib/thumb/v7e-m+fp/hard/crt0.o
LOAD ./Core/Src/GFX_FUNCTIONS.o
LOAD ./Core/Src/ST7735.o
LOAD ./Core/Src/fonts.o
LOAD ./Core/Src/main.o
LOAD ./Core/Src/stm32f4xx_hal_msp.o
LOAD ./Core/Src/stm32f4xx_it.o
LOAD ./Core/Src/syscalls.o
LOAD ./Core/Src/sysmem.o
LOAD ./Core/Src/system_stm32f4xx.o
LOAD ./Core/Startup/startup_stm32f405rgtx.o
LOAD ./Drivers/STM32F4xx_HAL_Driver/Src/stm32f4xx_hal.o
LOAD ./Drivers/STM32F4xx_HAL_Driver/Src/stm32f4xx_hal_cortex.o
LOAD ./Drivers/STM32F4xx_HAL_Driver/Src/stm32f4xx_hal_dma.o
LOAD ./Drivers/STM32F4xx_HAL_Driver/Src/stm32f4xx_hal_dma_ex.o
LOAD ./Drivers/STM32F4xx_HAL_Driver/Src/stm32f4xx_hal_exti.o
LOAD ./Drivers/STM32F4xx_HAL_Driver/Src/stm32f4xx_hal_flash.o
LOAD ./Drivers/STM32F4xx_HAL_Driver/Src/stm32f4xx_hal_flash_ex.o
LOAD ./Drivers/STM32F4xx_HAL_Driver/Src/stm32f4xx_hal_flash_ramfunc.o
LOAD ./Drivers/STM32F4xx_HAL_Driver/Src/stm32f4xx_hal_gpio.o
LOAD ./Drivers/STM32F4xx_HAL_Driver/Src/stm32f4xx_hal_pwr.o
LOAD ./Drivers/STM32F4xx_HAL_Driver/Src/stm32f4xx_hal_pwr_ex.o
LOAD ./Drivers/STM32F4xx_HAL_Driver/Src/stm32f4xx_hal_rcc.o
LOAD ./Drivers/STM32F4xx_HAL_Driver/Src/stm32f4xx_hal_rcc_ex.o
LOAD ./Drivers/STM32F4xx_HAL_Driver/Src/stm32f4xx_hal_spi.o
LOAD ./Drivers/STM32F4xx_HAL_Driver/Src/stm32f4xx_hal_tim.o
LOAD ./Drivers/STM32F4xx_HAL_Driver/Src/stm32f4xx_hal_tim_ex.o
START GROUP
LOAD c:/st/stm32cubeide_1.10.1/stm32cubeide/plugins/com.st.stm32cube.ide.mcu.externaltools.gnu-tools-for-stm32.10.3-2021.10.win32_1.0.0.202111181127/tools/bin/../lib/gcc/arm-none-eabi/10.3.1/../../../../arm-none-eabi/lib/thumb/v7e-m+fp/hard\libc_nano.a
LOAD c:/st/stm32cubeide_1.10.1/stm32cubeide/plugins/com.st.stm32cube.ide.mcu.externaltools.gnu-tools-for-stm32.10.3-2021.10.win32_1.0.0.202111181127/tools/bin/../lib/gcc/arm-none-eabi/10.3.1/../../../../arm-none-eabi/lib/thumb/v7e-m+fp/hard\libm.a
END GROUP
START GROUP
LOAD c:/st/stm32cubeide_1.10.1/stm32cubeide/plugins/com.st.stm32cube.ide.mcu.externaltools.gnu-tools-for-stm32.10.3-2021.10.win32_1.0.0.202111181127/tools/bin/../lib/gcc/arm-none-eabi/10.3.1/thumb/v7e-m+fp/hard\libgcc.a
LOAD c:/st/stm32cubeide_1.10.1/stm32cubeide/plugins/com.st.stm32cube.ide.mcu.externaltools.gnu-tools-for-stm32.10.3-2021.10.win32_1.0.0.202111181127/tools/bin/../lib/gcc/arm-none-eabi/10.3.1/../../../../arm-none-eabi/lib/thumb/v7e-m+fp/hard\libc_nano.a
END GROUP
START GROUP
LOAD c:/st/stm32cubeide_1.10.1/stm32cubeide/plugins/com.st.stm32cube.ide.mcu.externaltools.gnu-tools-for-stm32.10.3-2021.10.win32_1.0.0.202111181127/tools/bin/../lib/gcc/arm-none-eabi/10.3.1/thumb/v7e-m+fp/hard\libgcc.a
LOAD c:/st/stm32cubeide_1.10.1/stm32cubeide/plugins/com.st.stm32cube.ide.mcu.externaltools.gnu-tools-for-stm32.10.3-2021.10.win32_1.0.0.202111181127/tools/bin/../lib/gcc/arm-none-eabi/10.3.1/../../../../arm-none-eabi/lib/thumb/v7e-m+fp/hard\libc_nano.a
LOAD c:/st/stm32cubeide_1.10.1/stm32cubeide/plugins/com.st.stm32cube.ide.mcu.externaltools.gnu-tools-for-stm32.10.3-2021.10.win32_1.0.0.202111181127/tools/bin/../lib/gcc/arm-none-eabi/10.3.1/../../../../arm-none-eabi/lib/thumb/v7e-m+fp/hard\libnosys.a
END GROUP
START GROUP
LOAD c:/st/stm32cubeide_1.10.1/stm32cubeide/plugins/com.st.stm32cube.ide.mcu.externaltools.gnu-tools-for-stm32.10.3-2021.10.win32_1.0.0.202111181127/tools/bin/../lib/gcc/arm-none-eabi/10.3.1/thumb/v7e-m+fp/hard\libgcc.a
LOAD c:/st/stm32cubeide_1.10.1/stm32cubeide/plugins/com.st.stm32cube.ide.mcu.externaltools.gnu-tools-for-stm32.10.3-2021.10.win32_1.0.0.202111181127/tools/bin/../lib/gcc/arm-none-eabi/10.3.1/../../../../arm-none-eabi/lib/thumb/v7e-m+fp/hard\libc_nano.a
LOAD c:/st/stm32cubeide_1.10.1/stm32cubeide/plugins/com.st.stm32cube.ide.mcu.externaltools.gnu-tools-for-stm32.10.3-2021.10.win32_1.0.0.202111181127/tools/bin/../lib/gcc/arm-none-eabi/10.3.1/../../../../arm-none-eabi/lib/thumb/v7e-m+fp/hard\libnosys.a
END GROUP
LOAD c:/st/stm32cubeide_1.10.1/stm32cubeide/plugins/com.st.stm32cube.ide.mcu.externaltools.gnu-tools-for-stm32.10.3-2021.10.win32_1.0.0.202111181127/tools/bin/../lib/gcc/arm-none-eabi/10.3.1/thumb/v7e-m+fp/hard/crtend.o
LOAD c:/st/stm32cubeide_1.10.1/stm32cubeide/plugins/com.st.stm32cube.ide.mcu.externaltools.gnu-tools-for-stm32.10.3-2021.10.win32_1.0.0.202111181127/tools/bin/../lib/gcc/arm-none-eabi/10.3.1/thumb/v7e-m+fp/hard/crtn.o
                0x0000000020020000                _estack = (ORIGIN (RAM) + LENGTH (RAM))
                0x0000000000000200                _Min_Heap_Size = 0x200
                0x0000000000000400                _Min_Stack_Size = 0x400

.isr_vector     0x0000000008000000      0x188
                0x0000000008000000                . = ALIGN (0x4)
 *(.isr_vector)
 .isr_vector    0x0000000008000000      0x188 ./Core/Startup/startup_stm32f405rgtx.o
                0x0000000008000000                g_pfnVectors
                0x0000000008000188                . = ALIGN (0x4)

.text           0x0000000008000188     0x3894
                0x0000000008000188                . = ALIGN (0x4)
 *(.text)
 .text          0x0000000008000188       0x40 c:/st/stm32cubeide_1.10.1/stm32cubeide/plugins/com.st.stm32cube.ide.mcu.externaltools.gnu-tools-for-stm32.10.3-2021.10.win32_1.0.0.202111181127/tools/bin/../lib/gcc/arm-none-eabi/10.3.1/thumb/v7e-m+fp/hard/crtbegin.o
 .text          0x00000000080001c8       0x30 c:/st/stm32cubeide_1.10.1/stm32cubeide/plugins/com.st.stm32cube.ide.mcu.externaltools.gnu-tools-for-stm32.10.3-2021.10.win32_1.0.0.202111181127/tools/bin/../lib/gcc/arm-none-eabi/10.3.1/thumb/v7e-m+fp/hard\libgcc.a(_aeabi_uldivmod.o)
                0x00000000080001c8                __aeabi_uldivmod
 .text          0x00000000080001f8      0x2d0 c:/st/stm32cubeide_1.10.1/stm32cubeide/plugins/com.st.stm32cube.ide.mcu.externaltools.gnu-tools-for-stm32.10.3-2021.10.win32_1.0.0.202111181127/tools/bin/../lib/gcc/arm-none-eabi/10.3.1/thumb/v7e-m+fp/hard\libgcc.a(_udivmoddi4.o)
                0x00000000080001f8                __udivmoddi4
 .text          0x00000000080004c8        0x4 c:/st/stm32cubeide_1.10.1/stm32cubeide/plugins/com.st.stm32cube.ide.mcu.externaltools.gnu-tools-for-stm32.10.3-2021.10.win32_1.0.0.202111181127/tools/bin/../lib/gcc/arm-none-eabi/10.3.1/thumb/v7e-m+fp/hard\libgcc.a(_dvmd_tls.o)
                0x00000000080004c8                __aeabi_idiv0
                0x00000000080004c8                __aeabi_ldiv0
 *(.text*)
 .text.drawPixel
                0x00000000080004cc       0x26 ./Core/Src/GFX_FUNCTIONS.o
                0x00000000080004cc                drawPixel
 .text.fillRect
                0x00000000080004f2       0x38 ./Core/Src/GFX_FUNCTIONS.o
                0x00000000080004f2                fillRect
 .text.writePixel
                0x000000000800052a       0x2a ./Core/Src/GFX_FUNCTIONS.o
                0x000000000800052a                writePixel
 .text.writeLine
                0x0000000008000554      0x144 ./Core/Src/GFX_FUNCTIONS.o
                0x0000000008000554                writeLine
 .text.drawFastVLine
                0x0000000008000698       0x4a ./Core/Src/GFX_FUNCTIONS.o
                0x0000000008000698                drawFastVLine
 .text.drawFastHLine
                0x00000000080006e2       0x4a ./Core/Src/GFX_FUNCTIONS.o
                0x00000000080006e2                drawFastHLine
 .text.drawLine
                0x000000000800072c       0xc4 ./Core/Src/GFX_FUNCTIONS.o
                0x000000000800072c                drawLine
 .text.drawCircle
                0x00000000080007f0      0x1d8 ./Core/Src/GFX_FUNCTIONS.o
                0x00000000080007f0                drawCircle
 .text.drawCircleHelper
                0x00000000080009c8      0x1a8 ./Core/Src/GFX_FUNCTIONS.o
                0x00000000080009c8                drawCircleHelper
 .text.fillCircleHelper
                0x0000000008000b70      0x19c ./Core/Src/GFX_FUNCTIONS.o
                0x0000000008000b70                fillCircleHelper
 .text.fillCircle
                0x0000000008000d0c       0x60 ./Core/Src/GFX_FUNCTIONS.o
                0x0000000008000d0c                fillCircle
 .text.drawRect
                0x0000000008000d6c       0x82 ./Core/Src/GFX_FUNCTIONS.o
                0x0000000008000d6c                drawRect
 .text.drawRoundRect
                0x0000000008000dee      0x19a ./Core/Src/GFX_FUNCTIONS.o
                0x0000000008000dee                drawRoundRect
 .text.fillRoundRect
                0x0000000008000f88       0xf2 ./Core/Src/GFX_FUNCTIONS.o
                0x0000000008000f88                fillRoundRect
 .text.drawTriangle
                0x000000000800107a       0x74 ./Core/Src/GFX_FUNCTIONS.o
                0x000000000800107a                drawTriangle
 .text.fillTriangle
                0x00000000080010ee      0x2be ./Core/Src/GFX_FUNCTIONS.o
                0x00000000080010ee                fillTriangle
 .text.fillScreen
                0x00000000080013ac       0x34 ./Core/Src/GFX_FUNCTIONS.o
                0x00000000080013ac                fillScreen
 .text.testLines
                0x00000000080013e0      0x204 ./Core/Src/GFX_FUNCTIONS.o
                0x00000000080013e0                testLines
 .text.testFastLines
                0x00000000080015e4       0x80 ./Core/Src/GFX_FUNCTIONS.o
                0x00000000080015e4                testFastLines
 .text.testRects
                0x0000000008001664       0xa4 ./Core/Src/GFX_FUNCTIONS.o
                0x0000000008001664                testRects
 .text.testFilledRects
                0x0000000008001708       0xdc ./Core/Src/GFX_FUNCTIONS.o
                0x0000000008001708                testFilledRects
 .text.testFilledCircles
                0x00000000080017e4       0x7c ./Core/Src/GFX_FUNCTIONS.o
                0x00000000080017e4                testFilledCircles
 .text.testCircles
                0x0000000008001860       0x84 ./Core/Src/GFX_FUNCTIONS.o
                0x0000000008001860                testCircles
 .text.testTriangles
                0x00000000080018e4       0xc8 ./Core/Src/GFX_FUNCTIONS.o
                0x00000000080018e4                testTriangles
 .text.testFilledTriangles
                0x00000000080019ac      0x15c ./Core/Src/GFX_FUNCTIONS.o
                0x00000000080019ac                testFilledTriangles
 .text.testRoundRects
                0x0000000008001b08       0xdc ./Core/Src/GFX_FUNCTIONS.o
                0x0000000008001b08                testRoundRects
 .text.testFilledRoundRects
                0x0000000008001be4       0xe8 ./Core/Src/GFX_FUNCTIONS.o
                0x0000000008001be4                testFilledRoundRects
 .text.testFillScreen
                0x0000000008001ccc       0x2a ./Core/Src/GFX_FUNCTIONS.o
                0x0000000008001ccc                testFillScreen
 .text.testAll  0x0000000008001cf6       0x56 ./Core/Src/GFX_FUNCTIONS.o
                0x0000000008001cf6                testAll
 .text.ST7735_Select
                0x0000000008001d4c       0x18 ./Core/Src/ST7735.o
                0x0000000008001d4c                ST7735_Select
 .text.ST7735_Unselect
                0x0000000008001d64       0x18 ./Core/Src/ST7735.o
                0x0000000008001d64                ST7735_Unselect
 .text.ST7735_Reset
                0x0000000008001d7c       0x2c ./Core/Src/ST7735.o
                0x0000000008001d7c                ST7735_Reset
 .text.ST7735_WriteCommand
                0x0000000008001da8       0x34 ./Core/Src/ST7735.o
                0x0000000008001da8                ST7735_WriteCommand
 .text.ST7735_WriteData
                0x0000000008001ddc       0x34 ./Core/Src/ST7735.o
                0x0000000008001ddc                ST7735_WriteData
 .text.DisplayInit
                0x0000000008001e10       0x92 ./Core/Src/ST7735.o
                0x0000000008001e10                DisplayInit
 *fill*         0x0000000008001ea2        0x2 
 .text.ST7735_SetAddressWindow
                0x0000000008001ea4       0x90 ./Core/Src/ST7735.o
                0x0000000008001ea4                ST7735_SetAddressWindow
 .text.ST7735_Init
                0x0000000008001f34       0x58 ./Core/Src/ST7735.o
                0x0000000008001f34                ST7735_Init
 .text.ST7735_SetRotation
                0x0000000008001f8c      0x100 ./Core/Src/ST7735.o
                0x0000000008001f8c                ST7735_SetRotation
 .text.ST7735_DrawPixel
                0x000000000800208c       0x7c ./Core/Src/ST7735.o
                0x000000000800208c                ST7735_DrawPixel
 .text.ST7735_FillRectangle
                0x0000000008002108      0x110 ./Core/Src/ST7735.o
                0x0000000008002108                ST7735_FillRectangle
 .text.main     0x0000000008002218       0x26 ./Core/Src/main.o
                0x0000000008002218                main
 *fill*         0x000000000800223e        0x2 
 .text.SystemClock_Config
                0x0000000008002240       0xd4 ./Core/Src/main.o
                0x0000000008002240                SystemClock_Config
 .text.MX_SPI1_Init
                0x0000000008002314       0x70 ./Core/Src/main.o
 .text.MX_GPIO_Init
                0x0000000008002384       0xa0 ./Core/Src/main.o
 .text.Error_Handler
                0x0000000008002424        0xe ./Core/Src/main.o
                0x0000000008002424                Error_Handler
 *fill*         0x0000000008002432        0x2 
 .text.HAL_MspInit
                0x0000000008002434       0x50 ./Core/Src/stm32f4xx_hal_msp.o
                0x0000000008002434                HAL_MspInit
 .text.HAL_SPI_MspInit
                0x0000000008002484       0x90 ./Core/Src/stm32f4xx_hal_msp.o
                0x0000000008002484                HAL_SPI_MspInit
 .text.NMI_Handler
                0x0000000008002514        0x6 ./Core/Src/stm32f4xx_it.o
                0x0000000008002514                NMI_Handler
 .text.HardFault_Handler
                0x000000000800251a        0x6 ./Core/Src/stm32f4xx_it.o
                0x000000000800251a                HardFault_Handler
 .text.MemManage_Handler
                0x0000000008002520        0x6 ./Core/Src/stm32f4xx_it.o
                0x0000000008002520                MemManage_Handler
 .text.BusFault_Handler
                0x0000000008002526        0x6 ./Core/Src/stm32f4xx_it.o
                0x0000000008002526                BusFault_Handler
 .text.UsageFault_Handler
                0x000000000800252c        0x6 ./Core/Src/stm32f4xx_it.o
                0x000000000800252c                UsageFault_Handler
 .text.SVC_Handler
                0x0000000008002532        0xe ./Core/Src/stm32f4xx_it.o
                0x0000000008002532                SVC_Handler
 .text.DebugMon_Handler
                0x0000000008002540        0xe ./Core/Src/stm32f4xx_it.o
                0x0000000008002540                DebugMon_Handler
 .text.PendSV_Handler
                0x000000000800254e        0xe ./Core/Src/stm32f4xx_it.o
                0x000000000800254e                PendSV_Handler
 .text.SysTick_Handler
                0x000000000800255c        0xc ./Core/Src/stm32f4xx_it.o
                0x000000000800255c                SysTick_Handler
 .text.SystemInit
                0x0000000008002568       0x24 ./Core/Src/system_stm32f4xx.o
                0x0000000008002568                SystemInit
 .text.Reset_Handler
                0x000000000800258c       0x50 ./Core/Startup/startup_stm32f405rgtx.o
                0x000000000800258c                Reset_Handler
 .text.Default_Handler
                0x00000000080025dc        0x2 ./Core/Startup/startup_stm32f405rgtx.o
                0x00000000080025dc                RTC_Alarm_IRQHandler
                0x00000000080025dc                HASH_RNG_IRQHandler
                0x00000000080025dc                EXTI2_IRQHandler
                0x00000000080025dc                TIM8_CC_IRQHandler
                0x00000000080025dc                TIM1_CC_IRQHandler
                0x00000000080025dc                DMA2_Stream5_IRQHandler
                0x00000000080025dc                DMA1_Stream5_IRQHandler
                0x00000000080025dc                PVD_IRQHandler
                0x00000000080025dc                SDIO_IRQHandler
                0x00000000080025dc                TAMP_STAMP_IRQHandler
                0x00000000080025dc                CAN2_RX1_IRQHandler
                0x00000000080025dc                EXTI3_IRQHandler
                0x00000000080025dc                TIM8_TRG_COM_TIM14_IRQHandler
                0x00000000080025dc                TIM1_UP_TIM10_IRQHandler
                0x00000000080025dc                TIM8_UP_TIM13_IRQHandler
                0x00000000080025dc                I2C3_ER_IRQHandler
                0x00000000080025dc                EXTI0_IRQHandler
                0x00000000080025dc                I2C2_EV_IRQHandler
                0x00000000080025dc                DMA1_Stream2_IRQHandler
                0x00000000080025dc                CAN1_RX0_IRQHandler
                0x00000000080025dc                FPU_IRQHandler
                0x00000000080025dc                OTG_HS_WKUP_IRQHandler
                0x00000000080025dc                CAN2_SCE_IRQHandler
                0x00000000080025dc                DMA2_Stream2_IRQHandler
                0x00000000080025dc                SPI1_IRQHandler
                0x00000000080025dc                TIM6_DAC_IRQHandler
                0x00000000080025dc                TIM1_BRK_TIM9_IRQHandler
                0x00000000080025dc                CAN2_RX0_IRQHandler
                0x00000000080025dc                DMA2_Stream3_IRQHandler
                0x00000000080025dc                USART6_IRQHandler
                0x00000000080025dc                USART3_IRQHandler
                0x00000000080025dc                CAN1_RX1_IRQHandler
                0x00000000080025dc                UART5_IRQHandler
                0x00000000080025dc                DMA2_Stream0_IRQHandler
                0x00000000080025dc                TIM4_IRQHandler
                0x00000000080025dc                I2C1_EV_IRQHandler
                0x00000000080025dc                DMA1_Stream6_IRQHandler
                0x00000000080025dc                DMA1_Stream1_IRQHandler
                0x00000000080025dc                UART4_IRQHandler
                0x00000000080025dc                TIM3_IRQHandler
                0x00000000080025dc                RCC_IRQHandler
                0x00000000080025dc                TIM8_BRK_TIM12_IRQHandler
                0x00000000080025dc                Default_Handler
                0x00000000080025dc                EXTI15_10_IRQHandler
                0x00000000080025dc                ADC_IRQHandler
                0x00000000080025dc                DMA1_Stream7_IRQHandler
                0x00000000080025dc                TIM7_IRQHandler
                0x00000000080025dc                CAN2_TX_IRQHandler
                0x00000000080025dc                TIM5_IRQHandler
                0x00000000080025dc                DMA2_Stream7_IRQHandler
                0x00000000080025dc                I2C3_EV_IRQHandler
                0x00000000080025dc                EXTI9_5_IRQHandler
                0x00000000080025dc                RTC_WKUP_IRQHandler
                0x00000000080025dc                SPI2_IRQHandler
                0x00000000080025dc                OTG_HS_EP1_IN_IRQHandler
                0x00000000080025dc                DMA1_Stream0_IRQHandler
                0x00000000080025dc                CAN1_TX_IRQHandler
                0x00000000080025dc                EXTI4_IRQHandler
                0x00000000080025dc                FSMC_IRQHandler
                0x00000000080025dc                OTG_HS_EP1_OUT_IRQHandler
                0x00000000080025dc                WWDG_IRQHandler
                0x00000000080025dc                TIM2_IRQHandler
                0x00000000080025dc                OTG_FS_WKUP_IRQHandler
                0x00000000080025dc                TIM1_TRG_COM_TIM11_IRQHandler
                0x00000000080025dc                OTG_HS_IRQHandler
                0x00000000080025dc                EXTI1_IRQHandler
                0x00000000080025dc                USART2_IRQHandler
                0x00000000080025dc                I2C2_ER_IRQHandler
                0x00000000080025dc                DMA2_Stream1_IRQHandler
                0x00000000080025dc                CAN1_SCE_IRQHandler
                0x00000000080025dc                FLASH_IRQHandler
                0x00000000080025dc                DMA2_Stream4_IRQHandler
                0x00000000080025dc                USART1_IRQHandler
                0x00000000080025dc                OTG_FS_IRQHandler
                0x00000000080025dc                SPI3_IRQHandler
                0x00000000080025dc                DMA1_Stream4_IRQHandler
                0x00000000080025dc                I2C1_ER_IRQHandler
                0x00000000080025dc                DMA2_Stream6_IRQHandler
                0x00000000080025dc                DMA1_Stream3_IRQHandler
 *fill*         0x00000000080025de        0x2 
 .text.HAL_Init
                0x00000000080025e0       0x44 ./Drivers/STM32F4xx_HAL_Driver/Src/stm32f4xx_hal.o
                0x00000000080025e0                HAL_Init
 .text.HAL_InitTick
                0x0000000008002624       0x60 ./Drivers/STM32F4xx_HAL_Driver/Src/stm32f4xx_hal.o
                0x0000000008002624                HAL_InitTick
 .text.HAL_IncTick
                0x0000000008002684       0x28 ./Drivers/STM32F4xx_HAL_Driver/Src/stm32f4xx_hal.o
                0x0000000008002684                HAL_IncTick
 .text.HAL_GetTick
                0x00000000080026ac       0x18 ./Drivers/STM32F4xx_HAL_Driver/Src/stm32f4xx_hal.o
                0x00000000080026ac                HAL_GetTick
 .text.HAL_Delay
                0x00000000080026c4       0x48 ./Drivers/STM32F4xx_HAL_Driver/Src/stm32f4xx_hal.o
                0x00000000080026c4                HAL_Delay
 .text.__NVIC_SetPriorityGrouping
                0x000000000800270c       0x48 ./Drivers/STM32F4xx_HAL_Driver/Src/stm32f4xx_hal_cortex.o
 .text.__NVIC_GetPriorityGrouping
                0x0000000008002754       0x1c ./Drivers/STM32F4xx_HAL_Driver/Src/stm32f4xx_hal_cortex.o
 .text.__NVIC_SetPriority
                0x0000000008002770       0x54 ./Drivers/STM32F4xx_HAL_Driver/Src/stm32f4xx_hal_cortex.o
 .text.NVIC_EncodePriority
                0x00000000080027c4       0x66 ./Drivers/STM32F4xx_HAL_Driver/Src/stm32f4xx_hal_cortex.o
 *fill*         0x000000000800282a        0x2 
 .text.SysTick_Config
                0x000000000800282c       0x44 ./Drivers/STM32F4xx_HAL_Driver/Src/stm32f4xx_hal_cortex.o
 .text.HAL_NVIC_SetPriorityGrouping
                0x0000000008002870       0x16 ./Drivers/STM32F4xx_HAL_Driver/Src/stm32f4xx_hal_cortex.o
                0x0000000008002870                HAL_NVIC_SetPriorityGrouping
 .text.HAL_NVIC_SetPriority
                0x0000000008002886       0x38 ./Drivers/STM32F4xx_HAL_Driver/Src/stm32f4xx_hal_cortex.o
                0x0000000008002886                HAL_NVIC_SetPriority
 .text.HAL_SYSTICK_Config
                0x00000000080028be       0x18 ./Drivers/STM32F4xx_HAL_Driver/Src/stm32f4xx_hal_cortex.o
                0x00000000080028be                HAL_SYSTICK_Config
 *fill*         0x00000000080028d6        0x2 
 .text.HAL_GPIO_Init
                0x00000000080028d8      0x338 ./Drivers/STM32F4xx_HAL_Driver/Src/stm32f4xx_hal_gpio.o
                0x00000000080028d8                HAL_GPIO_Init
 .text.HAL_GPIO_WritePin
                0x0000000008002c10       0x32 ./Drivers/STM32F4xx_HAL_Driver/Src/stm32f4xx_hal_gpio.o
                0x0000000008002c10                HAL_GPIO_WritePin
 *fill*         0x0000000008002c42        0x2 
 .text.HAL_RCC_OscConfig
                0x0000000008002c44      0x4f0 ./Drivers/STM32F4xx_HAL_Driver/Src/stm32f4xx_hal_rcc.o
                0x0000000008002c44                HAL_RCC_OscConfig
 .text.HAL_RCC_ClockConfig
                0x0000000008003134      0x1cc ./Drivers/STM32F4xx_HAL_Driver/Src/stm32f4xx_hal_rcc.o
                0x0000000008003134                HAL_RCC_ClockConfig
 .text.HAL_RCC_GetSysClockFreq
                0x0000000008003300      0x18c ./Drivers/STM32F4xx_HAL_Driver/Src/stm32f4xx_hal_rcc.o
                0x0000000008003300                HAL_RCC_GetSysClockFreq
 .text.HAL_SPI_Init
                0x000000000800348c      0x112 ./Drivers/STM32F4xx_HAL_Driver/Src/stm32f4xx_hal_spi.o
                0x000000000800348c                HAL_SPI_Init
 .text.HAL_SPI_Transmit
                0x000000000800359e      0x278 ./Drivers/STM32F4xx_HAL_Driver/Src/stm32f4xx_hal_spi.o
                0x000000000800359e                HAL_SPI_Transmit
 *fill*         0x0000000008003816        0x2 
 .text.SPI_WaitFlagStateUntilTimeout
                0x0000000008003818      0x110 ./Drivers/STM32F4xx_HAL_Driver/Src/stm32f4xx_hal_spi.o
 .text.SPI_EndRxTxTransaction
                0x0000000008003928       0x84 ./Drivers/STM32F4xx_HAL_Driver/Src/stm32f4xx_hal_spi.o
 .text.__libc_init_array
                0x00000000080039ac       0x48 c:/st/stm32cubeide_1.10.1/stm32cubeide/plugins/com.st.stm32cube.ide.mcu.externaltools.gnu-tools-for-stm32.10.3-2021.10.win32_1.0.0.202111181127/tools/bin/../lib/gcc/arm-none-eabi/10.3.1/../../../../arm-none-eabi/lib/thumb/v7e-m+fp/hard\libc_nano.a(lib_a-init.o)
                0x00000000080039ac                __libc_init_array
 .text.memset   0x00000000080039f4       0x10 c:/st/stm32cubeide_1.10.1/stm32cubeide/plugins/com.st.stm32cube.ide.mcu.externaltools.gnu-tools-for-stm32.10.3-2021.10.win32_1.0.0.202111181127/tools/bin/../lib/gcc/arm-none-eabi/10.3.1/../../../../arm-none-eabi/lib/thumb/v7e-m+fp/hard\libc_nano.a(lib_a-memset.o)
                0x00000000080039f4                memset
 *(.glue_7)
 .glue_7        0x0000000008003a04        0x0 linker stubs
 *(.glue_7t)
 .glue_7t       0x0000000008003a04        0x0 linker stubs
 *(.eh_frame)
 .eh_frame      0x0000000008003a04        0x0 c:/st/stm32cubeide_1.10.1/stm32cubeide/plugins/com.st.stm32cube.ide.mcu.externaltools.gnu-tools-for-stm32.10.3-2021.10.win32_1.0.0.202111181127/tools/bin/../lib/gcc/arm-none-eabi/10.3.1/thumb/v7e-m+fp/hard/crtbegin.o
 *(.init)
 .init          0x0000000008003a04        0x4 c:/st/stm32cubeide_1.10.1/stm32cubeide/plugins/com.st.stm32cube.ide.mcu.externaltools.gnu-tools-for-stm32.10.3-2021.10.win32_1.0.0.202111181127/tools/bin/../lib/gcc/arm-none-eabi/10.3.1/thumb/v7e-m+fp/hard/crti.o
                0x0000000008003a04                _init
 .init          0x0000000008003a08        0x8 c:/st/stm32cubeide_1.10.1/stm32cubeide/plugins/com.st.stm32cube.ide.mcu.externaltools.gnu-tools-for-stm32.10.3-2021.10.win32_1.0.0.202111181127/tools/bin/../lib/gcc/arm-none-eabi/10.3.1/thumb/v7e-m+fp/hard/crtn.o
 *(.fini)
 .fini          0x0000000008003a10        0x4 c:/st/stm32cubeide_1.10.1/stm32cubeide/plugins/com.st.stm32cube.ide.mcu.externaltools.gnu-tools-for-stm32.10.3-2021.10.win32_1.0.0.202111181127/tools/bin/../lib/gcc/arm-none-eabi/10.3.1/thumb/v7e-m+fp/hard/crti.o
                0x0000000008003a10                _fini
 .fini          0x0000000008003a14        0x8 c:/st/stm32cubeide_1.10.1/stm32cubeide/plugins/com.st.stm32cube.ide.mcu.externaltools.gnu-tools-for-stm32.10.3-2021.10.win32_1.0.0.202111181127/tools/bin/../lib/gcc/arm-none-eabi/10.3.1/thumb/v7e-m+fp/hard/crtn.o
                0x0000000008003a1c                . = ALIGN (0x4)
                0x0000000008003a1c                _etext = .

.vfp11_veneer   0x0000000008003a1c        0x0
 .vfp11_veneer  0x0000000008003a1c        0x0 linker stubs

.v4_bx          0x0000000008003a1c        0x0
 .v4_bx         0x0000000008003a1c        0x0 linker stubs

.iplt           0x0000000008003a1c        0x0
 .iplt          0x0000000008003a1c        0x0 c:/st/stm32cubeide_1.10.1/stm32cubeide/plugins/com.st.stm32cube.ide.mcu.externaltools.gnu-tools-for-stm32.10.3-2021.10.win32_1.0.0.202111181127/tools/bin/../lib/gcc/arm-none-eabi/10.3.1/thumb/v7e-m+fp/hard/crtbegin.o

.rodata         0x0000000008003a1c       0x84
                0x0000000008003a1c                . = ALIGN (0x4)
 *(.rodata)
 *(.rodata*)
 .rodata.init_cmds1
                0x0000000008003a1c       0x38 ./Core/Src/ST7735.o
                0x0000000008003a1c                init_cmds1
 .rodata.init_cmds2
                0x0000000008003a54        0xd ./Core/Src/ST7735.o
                0x0000000008003a54                init_cmds2
 *fill*         0x0000000008003a61        0x3 
 .rodata.init_cmds3
                0x0000000008003a64       0x2b ./Core/Src/ST7735.o
                0x0000000008003a64                init_cmds3
 *fill*         0x0000000008003a8f        0x1 
 .rodata.AHBPrescTable
                0x0000000008003a90       0x10 ./Core/Src/system_stm32f4xx.o
                0x0000000008003a90                AHBPrescTable
                0x0000000008003aa0                . = ALIGN (0x4)

.ARM.extab      0x0000000008003aa0        0x0
                0x0000000008003aa0                . = ALIGN (0x4)
 *(.ARM.extab* .gnu.linkonce.armextab.*)
                0x0000000008003aa0                . = ALIGN (0x4)

.ARM            0x0000000008003aa0        0x8
                0x0000000008003aa0                . = ALIGN (0x4)
                0x0000000008003aa0                __exidx_start = .
 *(.ARM.exidx*)
 .ARM.exidx     0x0000000008003aa0        0x8 c:/st/stm32cubeide_1.10.1/stm32cubeide/plugins/com.st.stm32cube.ide.mcu.externaltools.gnu-tools-for-stm32.10.3-2021.10.win32_1.0.0.202111181127/tools/bin/../lib/gcc/arm-none-eabi/10.3.1/thumb/v7e-m+fp/hard\libgcc.a(_udivmoddi4.o)
                0x0000000008003aa8                __exidx_end = .
                0x0000000008003aa8                . = ALIGN (0x4)

.rel.dyn        0x0000000008003aa8        0x0
 .rel.iplt      0x0000000008003aa8        0x0 c:/st/stm32cubeide_1.10.1/stm32cubeide/plugins/com.st.stm32cube.ide.mcu.externaltools.gnu-tools-for-stm32.10.3-2021.10.win32_1.0.0.202111181127/tools/bin/../lib/gcc/arm-none-eabi/10.3.1/thumb/v7e-m+fp/hard/crtbegin.o

.preinit_array  0x0000000008003aa8        0x0
                0x0000000008003aa8                . = ALIGN (0x4)
                0x0000000008003aa8                PROVIDE (__preinit_array_start = .)
 *(.preinit_array*)
                0x0000000008003aa8                PROVIDE (__preinit_array_end = .)
                0x0000000008003aa8                . = ALIGN (0x4)

.init_array     0x0000000008003aa8        0x4
                0x0000000008003aa8                . = ALIGN (0x4)
                0x0000000008003aa8                PROVIDE (__init_array_start = .)
 *(SORT_BY_NAME(.init_array.*))
 *(.init_array*)
 .init_array    0x0000000008003aa8        0x4 c:/st/stm32cubeide_1.10.1/stm32cubeide/plugins/com.st.stm32cube.ide.mcu.externaltools.gnu-tools-for-stm32.10.3-2021.10.win32_1.0.0.202111181127/tools/bin/../lib/gcc/arm-none-eabi/10.3.1/thumb/v7e-m+fp/hard/crtbegin.o
                0x0000000008003aac                PROVIDE (__init_array_end = .)
                0x0000000008003aac                . = ALIGN (0x4)

.fini_array     0x0000000008003aac        0x4
                0x0000000008003aac                . = ALIGN (0x4)
                [!provide]                        PROVIDE (__fini_array_start = .)
 *(SORT_BY_NAME(.fini_array.*))
 *(.fini_array*)
 .fini_array    0x0000000008003aac        0x4 c:/st/stm32cubeide_1.10.1/stm32cubeide/plugins/com.st.stm32cube.ide.mcu.externaltools.gnu-tools-for-stm32.10.3-2021.10.win32_1.0.0.202111181127/tools/bin/../lib/gcc/arm-none-eabi/10.3.1/thumb/v7e-m+fp/hard/crtbegin.o
                [!provide]                        PROVIDE (__fini_array_end = .)
                0x0000000008003ab0                . = ALIGN (0x4)
                0x0000000008003ab0                _sidata = LOADADDR (.data)

.data           0x0000000020000000        0xc load address 0x0000000008003ab0
                0x0000000020000000                . = ALIGN (0x4)
                0x0000000020000000                _sdata = .
 *(.data)
 *(.data*)
 .data.SystemCoreClock
                0x0000000020000000        0x4 ./Core/Src/system_stm32f4xx.o
                0x0000000020000000                SystemCoreClock
 .data.uwTickPrio
                0x0000000020000004        0x4 ./Drivers/STM32F4xx_HAL_Driver/Src/stm32f4xx_hal.o
                0x0000000020000004                uwTickPrio
 .data.uwTickFreq
                0x0000000020000008        0x1 ./Drivers/STM32F4xx_HAL_Driver/Src/stm32f4xx_hal.o
                0x0000000020000008                uwTickFreq
 *(.RamFunc)
 *(.RamFunc*)
                0x000000002000000c                . = ALIGN (0x4)
 *fill*         0x0000000020000009        0x3 
                0x000000002000000c                _edata = .
                0x0000000008003abc                _siccmram = LOADADDR (.ccmram)

.igot.plt       0x000000002000000c        0x0 load address 0x0000000008003abc
 .igot.plt      0x000000002000000c        0x0 c:/st/stm32cubeide_1.10.1/stm32cubeide/plugins/com.st.stm32cube.ide.mcu.externaltools.gnu-tools-for-stm32.10.3-2021.10.win32_1.0.0.202111181127/tools/bin/../lib/gcc/arm-none-eabi/10.3.1/thumb/v7e-m+fp/hard/crtbegin.o

.ccmram         0x0000000010000000        0x0 load address 0x0000000008003abc
                0x0000000010000000                . = ALIGN (0x4)
                0x0000000010000000                _sccmram = .
 *(.ccmram)
 *(.ccmram*)
                0x0000000010000000                . = ALIGN (0x4)
                0x0000000010000000                _eccmram = .
                0x0000000010000000                . = ALIGN (0x4)

.bss            0x000000002000000c       0x84
                0x000000002000000c                _sbss = .
                0x000000002000000c                __bss_start__ = _sbss
 *(.bss)
 .bss           0x000000002000000c       0x1c c:/st/stm32cubeide_1.10.1/stm32cubeide/plugins/com.st.stm32cube.ide.mcu.externaltools.gnu-tools-for-stm32.10.3-2021.10.win32_1.0.0.202111181127/tools/bin/../lib/gcc/arm-none-eabi/10.3.1/thumb/v7e-m+fp/hard/crtbegin.o
 *(.bss*)
 .bss._width    0x0000000020000028        0x2 ./Core/Src/ST7735.o
                0x0000000020000028                _width
 .bss._height   0x000000002000002a        0x2 ./Core/Src/ST7735.o
                0x000000002000002a                _height
 .bss.rotation  0x000000002000002c        0x1 ./Core/Src/ST7735.o
                0x000000002000002c                rotation
 .bss._colstart
                0x000000002000002d        0x1 ./Core/Src/ST7735.o
                0x000000002000002d                _colstart
 .bss._rowstart
                0x000000002000002e        0x1 ./Core/Src/ST7735.o
                0x000000002000002e                _rowstart
 .bss._xstart   0x000000002000002f        0x1 ./Core/Src/ST7735.o
                0x000000002000002f                _xstart
 .bss._ystart   0x0000000020000030        0x1 ./Core/Src/ST7735.o
                0x0000000020000030                _ystart
 *fill*         0x0000000020000031        0x3 
 .bss.hspi1     0x0000000020000034       0x58 ./Core/Src/main.o
                0x0000000020000034                hspi1
 .bss.uwTick    0x000000002000008c        0x4 ./Drivers/STM32F4xx_HAL_Driver/Src/stm32f4xx_hal.o
                0x000000002000008c                uwTick
 *(COMMON)
                0x0000000020000090                . = ALIGN (0x4)
                0x0000000020000090                _ebss = .
                0x0000000020000090                __bss_end__ = _ebss

._user_heap_stack
                0x0000000020000090      0x600
                0x0000000020000090                . = ALIGN (0x8)
                [!provide]                        PROVIDE (end = .)
                0x0000000020000090                PROVIDE (_end = .)
                0x0000000020000290                . = (. + _Min_Heap_Size)
 *fill*         0x0000000020000090      0x200 
                0x0000000020000690                . = (. + _Min_Stack_Size)
 *fill*         0x0000000020000290      0x400 
                0x0000000020000690                . = ALIGN (0x8)

/DISCARD/
 libc.a(*)
 libm.a(*)
 libgcc.a(*)

.ARM.attributes
                0x0000000000000000       0x30
 *(.ARM.attributes)
 .ARM.attributes
                0x0000000000000000       0x1e c:/st/stm32cubeide_1.10.1/stm32cubeide/plugins/com.st.stm32cube.ide.mcu.externaltools.gnu-tools-for-stm32.10.3-2021.10.win32_1.0.0.202111181127/tools/bin/../lib/gcc/arm-none-eabi/10.3.1/thumb/v7e-m+fp/hard/crti.o
 .ARM.attributes
                0x000000000000001e       0x34 c:/st/stm32cubeide_1.10.1/stm32cubeide/plugins/com.st.stm32cube.ide.mcu.externaltools.gnu-tools-for-stm32.10.3-2021.10.win32_1.0.0.202111181127/tools/bin/../lib/gcc/arm-none-eabi/10.3.1/thumb/v7e-m+fp/hard/crtbegin.o
 .ARM.attributes
                0x0000000000000052       0x34 ./Core/Src/GFX_FUNCTIONS.o
 .ARM.attributes
                0x0000000000000086       0x34 ./Core/Src/ST7735.o
 .ARM.attributes
                0x00000000000000ba       0x34 ./Core/Src/main.o
 .ARM.attributes
                0x00000000000000ee       0x34 ./Core/Src/stm32f4xx_hal_msp.o
 .ARM.attributes
                0x0000000000000122       0x34 ./Core/Src/stm32f4xx_it.o
 .ARM.attributes
                0x0000000000000156       0x34 ./Core/Src/system_stm32f4xx.o
 .ARM.attributes
                0x000000000000018a       0x21 ./Core/Startup/startup_stm32f405rgtx.o
 .ARM.attributes
                0x00000000000001ab       0x34 ./Drivers/STM32F4xx_HAL_Driver/Src/stm32f4xx_hal.o
 .ARM.attributes
                0x00000000000001df       0x34 ./Drivers/STM32F4xx_HAL_Driver/Src/stm32f4xx_hal_cortex.o
 .ARM.attributes
                0x0000000000000213       0x34 ./Drivers/STM32F4xx_HAL_Driver/Src/stm32f4xx_hal_gpio.o
 .ARM.attributes
                0x0000000000000247       0x34 ./Drivers/STM32F4xx_HAL_Driver/Src/stm32f4xx_hal_rcc.o
 .ARM.attributes
                0x000000000000027b       0x34 ./Drivers/STM32F4xx_HAL_Driver/Src/stm32f4xx_hal_spi.o
 .ARM.attributes
                0x00000000000002af       0x34 c:/st/stm32cubeide_1.10.1/stm32cubeide/plugins/com.st.stm32cube.ide.mcu.externaltools.gnu-tools-for-stm32.10.3-2021.10.win32_1.0.0.202111181127/tools/bin/../lib/gcc/arm-none-eabi/10.3.1/../../../../arm-none-eabi/lib/thumb/v7e-m+fp/hard\libc_nano.a(lib_a-init.o)
 .ARM.attributes
                0x00000000000002e3       0x34 c:/st/stm32cubeide_1.10.1/stm32cubeide/plugins/com.st.stm32cube.ide.mcu.externaltools.gnu-tools-for-stm32.10.3-2021.10.win32_1.0.0.202111181127/tools/bin/../lib/gcc/arm-none-eabi/10.3.1/../../../../arm-none-eabi/lib/thumb/v7e-m+fp/hard\libc_nano.a(lib_a-memset.o)
 .ARM.attributes
                0x0000000000000317       0x1e c:/st/stm32cubeide_1.10.1/stm32cubeide/plugins/com.st.stm32cube.ide.mcu.externaltools.gnu-tools-for-stm32.10.3-2021.10.win32_1.0.0.202111181127/tools/bin/../lib/gcc/arm-none-eabi/10.3.1/thumb/v7e-m+fp/hard\libgcc.a(_aeabi_uldivmod.o)
 .ARM.attributes
                0x0000000000000335       0x34 c:/st/stm32cubeide_1.10.1/stm32cubeide/plugins/com.st.stm32cube.ide.mcu.externaltools.gnu-tools-for-stm32.10.3-2021.10.win32_1.0.0.202111181127/tools/bin/../lib/gcc/arm-none-eabi/10.3.1/thumb/v7e-m+fp/hard\libgcc.a(_udivmoddi4.o)
 .ARM.attributes
                0x0000000000000369       0x1e c:/st/stm32cubeide_1.10.1/stm32cubeide/plugins/com.st.stm32cube.ide.mcu.externaltools.gnu-tools-for-stm32.10.3-2021.10.win32_1.0.0.202111181127/tools/bin/../lib/gcc/arm-none-eabi/10.3.1/thumb/v7e-m+fp/hard\libgcc.a(_dvmd_tls.o)
 .ARM.attributes
                0x0000000000000387       0x1e c:/st/stm32cubeide_1.10.1/stm32cubeide/plugins/com.st.stm32cube.ide.mcu.externaltools.gnu-tools-for-stm32.10.3-2021.10.win32_1.0.0.202111181127/tools/bin/../lib/gcc/arm-none-eabi/10.3.1/thumb/v7e-m+fp/hard/crtn.o
OUTPUT(feather405_st7735screen_1_8_inch.elf elf32-littlearm)
LOAD linker stubs
LOAD c:/st/stm32cubeide_1.10.1/stm32cubeide/plugins/com.st.stm32cube.ide.mcu.externaltools.gnu-tools-for-stm32.10.3-2021.10.win32_1.0.0.202111181127/tools/bin/../lib/gcc/arm-none-eabi/10.3.1/../../../../arm-none-eabi/lib/thumb/v7e-m+fp/hard\libc.a
LOAD c:/st/stm32cubeide_1.10.1/stm32cubeide/plugins/com.st.stm32cube.ide.mcu.externaltools.gnu-tools-for-stm32.10.3-2021.10.win32_1.0.0.202111181127/tools/bin/../lib/gcc/arm-none-eabi/10.3.1/../../../../arm-none-eabi/lib/thumb/v7e-m+fp/hard\libm.a
LOAD c:/st/stm32cubeide_1.10.1/stm32cubeide/plugins/com.st.stm32cube.ide.mcu.externaltools.gnu-tools-for-stm32.10.3-2021.10.win32_1.0.0.202111181127/tools/bin/../lib/gcc/arm-none-eabi/10.3.1/thumb/v7e-m+fp/hard\libgcc.a

.debug_info     0x0000000000000000     0x789a
 .debug_info    0x0000000000000000      0xf35 ./Core/Src/GFX_FUNCTIONS.o
 .debug_info    0x0000000000000f35      0xd4b ./Core/Src/ST7735.o
 .debug_info    0x0000000000001c80      0xc63 ./Core/Src/main.o
 .debug_info    0x00000000000028e3      0x9b6 ./Core/Src/stm32f4xx_hal_msp.o
 .debug_info    0x0000000000003299      0x121 ./Core/Src/stm32f4xx_it.o
 .debug_info    0x00000000000033ba      0x523 ./Core/Src/system_stm32f4xx.o
 .debug_info    0x00000000000038dd       0x22 ./Core/Startup/startup_stm32f405rgtx.o
 .debug_info    0x00000000000038ff      0x96a ./Drivers/STM32F4xx_HAL_Driver/Src/stm32f4xx_hal.o
 .debug_info    0x0000000000004269      0xe09 ./Drivers/STM32F4xx_HAL_Driver/Src/stm32f4xx_hal_cortex.o
 .debug_info    0x0000000000005072      0x76a ./Drivers/STM32F4xx_HAL_Driver/Src/stm32f4xx_hal_gpio.o
 .debug_info    0x00000000000057dc      0x966 ./Drivers/STM32F4xx_HAL_Driver/Src/stm32f4xx_hal_rcc.o
 .debug_info    0x0000000000006142     0x1758 ./Drivers/STM32F4xx_HAL_Driver/Src/stm32f4xx_hal_spi.o

.debug_abbrev   0x0000000000000000     0x155e
 .debug_abbrev  0x0000000000000000      0x1a5 ./Core/Src/GFX_FUNCTIONS.o
 .debug_abbrev  0x00000000000001a5      0x258 ./Core/Src/ST7735.o
 .debug_abbrev  0x00000000000003fd      0x232 ./Core/Src/main.o
 .debug_abbrev  0x000000000000062f      0x194 ./Core/Src/stm32f4xx_hal_msp.o
 .debug_abbrev  0x00000000000007c3       0x74 ./Core/Src/stm32f4xx_it.o
 .debug_abbrev  0x0000000000000837      0x116 ./Core/Src/system_stm32f4xx.o
 .debug_abbrev  0x000000000000094d       0x12 ./Core/Startup/startup_stm32f405rgtx.o
 .debug_abbrev  0x000000000000095f      0x20d ./Drivers/STM32F4xx_HAL_Driver/Src/stm32f4xx_hal.o
 .debug_abbrev  0x0000000000000b6c      0x316 ./Drivers/STM32F4xx_HAL_Driver/Src/stm32f4xx_hal_cortex.o
 .debug_abbrev  0x0000000000000e82      0x1c4 ./Drivers/STM32F4xx_HAL_Driver/Src/stm32f4xx_hal_gpio.o
 .debug_abbrev  0x0000000000001046      0x2aa ./Drivers/STM32F4xx_HAL_Driver/Src/stm32f4xx_hal_rcc.o
 .debug_abbrev  0x00000000000012f0      0x26e ./Drivers/STM32F4xx_HAL_Driver/Src/stm32f4xx_hal_spi.o

.debug_aranges  0x0000000000000000      0x768
 .debug_aranges
                0x0000000000000000      0x100 ./Core/Src/GFX_FUNCTIONS.o
 .debug_aranges
                0x0000000000000100       0x90 ./Core/Src/ST7735.o
 .debug_aranges
                0x0000000000000190       0x40 ./Core/Src/main.o
 .debug_aranges
                0x00000000000001d0       0x30 ./Core/Src/stm32f4xx_hal_msp.o
 .debug_aranges
                0x0000000000000200       0x60 ./Core/Src/stm32f4xx_it.o
 .debug_aranges
                0x0000000000000260       0x28 ./Core/Src/system_stm32f4xx.o
 .debug_aranges
                0x0000000000000288       0x28 ./Core/Startup/startup_stm32f405rgtx.o
 .debug_aranges
                0x00000000000002b0       0xf0 ./Drivers/STM32F4xx_HAL_Driver/Src/stm32f4xx_hal.o
 .debug_aranges
                0x00000000000003a0      0x118 ./Drivers/STM32F4xx_HAL_Driver/Src/stm32f4xx_hal_cortex.o
 .debug_aranges
                0x00000000000004b8       0x58 ./Drivers/STM32F4xx_HAL_Driver/Src/stm32f4xx_hal_gpio.o
 .debug_aranges
                0x0000000000000510       0x88 ./Drivers/STM32F4xx_HAL_Driver/Src/stm32f4xx_hal_rcc.o
 .debug_aranges
                0x0000000000000598      0x1d0 ./Drivers/STM32F4xx_HAL_Driver/Src/stm32f4xx_hal_spi.o

.debug_ranges   0x0000000000000000      0x6b0
 .debug_ranges  0x0000000000000000       0xf0 ./Core/Src/GFX_FUNCTIONS.o
 .debug_ranges  0x00000000000000f0       0x80 ./Core/Src/ST7735.o
 .debug_ranges  0x0000000000000170       0x30 ./Core/Src/main.o
 .debug_ranges  0x00000000000001a0       0x20 ./Core/Src/stm32f4xx_hal_msp.o
 .debug_ranges  0x00000000000001c0       0x50 ./Core/Src/stm32f4xx_it.o
 .debug_ranges  0x0000000000000210       0x18 ./Core/Src/system_stm32f4xx.o
 .debug_ranges  0x0000000000000228       0x20 ./Core/Startup/startup_stm32f405rgtx.o
 .debug_ranges  0x0000000000000248       0xe0 ./Drivers/STM32F4xx_HAL_Driver/Src/stm32f4xx_hal.o
 .debug_ranges  0x0000000000000328      0x108 ./Drivers/STM32F4xx_HAL_Driver/Src/stm32f4xx_hal_cortex.o
 .debug_ranges  0x0000000000000430       0x48 ./Drivers/STM32F4xx_HAL_Driver/Src/stm32f4xx_hal_gpio.o
 .debug_ranges  0x0000000000000478       0x78 ./Drivers/STM32F4xx_HAL_Driver/Src/stm32f4xx_hal_rcc.o
 .debug_ranges  0x00000000000004f0      0x1c0 ./Drivers/STM32F4xx_HAL_Driver/Src/stm32f4xx_hal_spi.o

.debug_macro    0x0000000000000000    0x1e2b3
 .debug_macro   0x0000000000000000      0x2bd ./Core/Src/GFX_FUNCTIONS.o
 .debug_macro   0x00000000000002bd      0xa78 ./Core/Src/GFX_FUNCTIONS.o
 .debug_macro   0x0000000000000d35       0x22 ./Core/Src/GFX_FUNCTIONS.o
 .debug_macro   0x0000000000000d57       0x8e ./Core/Src/GFX_FUNCTIONS.o
 .debug_macro   0x0000000000000de5       0x51 ./Core/Src/GFX_FUNCTIONS.o
 .debug_macro   0x0000000000000e36      0x103 ./Core/Src/GFX_FUNCTIONS.o
 .debug_macro   0x0000000000000f39       0x6a ./Core/Src/GFX_FUNCTIONS.o
 .debug_macro   0x0000000000000fa3      0x1df ./Core/Src/GFX_FUNCTIONS.o
 .debug_macro   0x0000000000001182      0x295 ./Core/Src/GFX_FUNCTIONS.o
 .debug_macro   0x0000000000001417       0x2e ./Core/Src/GFX_FUNCTIONS.o
 .debug_macro   0x0000000000001445       0x2f ./Core/Src/GFX_FUNCTIONS.o
 .debug_macro   0x0000000000001474       0x1c ./Core/Src/GFX_FUNCTIONS.o
 .debug_macro   0x0000000000001490       0x22 ./Core/Src/GFX_FUNCTIONS.o
 .debug_macro   0x00000000000014b2       0xd9 ./Core/Src/GFX_FUNCTIONS.o
 .debug_macro   0x000000000000158b     0x102d ./Core/Src/GFX_FUNCTIONS.o
 .debug_macro   0x00000000000025b8      0x11f ./Core/Src/GFX_FUNCTIONS.o
 .debug_macro   0x00000000000026d7    0x1426d ./Core/Src/GFX_FUNCTIONS.o
 .debug_macro   0x0000000000016944       0x6d ./Core/Src/GFX_FUNCTIONS.o
 .debug_macro   0x00000000000169b1     0x367e ./Core/Src/GFX_FUNCTIONS.o
 .debug_macro   0x000000000001a02f      0x174 ./Core/Src/GFX_FUNCTIONS.o
 .debug_macro   0x000000000001a1a3       0x5c ./Core/Src/GFX_FUNCTIONS.o
 .debug_macro   0x000000000001a1ff      0x8a7 ./Core/Src/GFX_FUNCTIONS.o
 .debug_macro   0x000000000001aaa6      0x9fe ./Core/Src/GFX_FUNCTIONS.o
 .debug_macro   0x000000000001b4a4      0x115 ./Core/Src/GFX_FUNCTIONS.o
 .debug_macro   0x000000000001b5b9      0x130 ./Core/Src/GFX_FUNCTIONS.o
 .debug_macro   0x000000000001b6e9       0xa5 ./Core/Src/GFX_FUNCTIONS.o
 .debug_macro   0x000000000001b78e      0x174 ./Core/Src/GFX_FUNCTIONS.o
 .debug_macro   0x000000000001b902      0x287 ./Core/Src/GFX_FUNCTIONS.o
 .debug_macro   0x000000000001bb89       0x5f ./Core/Src/GFX_FUNCTIONS.o
 .debug_macro   0x000000000001bbe8      0x236 ./Core/Src/GFX_FUNCTIONS.o
 .debug_macro   0x000000000001be1e      0x12c ./Core/Src/GFX_FUNCTIONS.o
 .debug_macro   0x000000000001bf4a      0x21e ./Core/Src/GFX_FUNCTIONS.o
 .debug_macro   0x000000000001c168       0x2e ./Core/Src/GFX_FUNCTIONS.o
 .debug_macro   0x000000000001c196      0x11a ./Core/Src/GFX_FUNCTIONS.o
 .debug_macro   0x000000000001c2b0       0x7e ./Core/Src/GFX_FUNCTIONS.o
 .debug_macro   0x000000000001c32e       0x89 ./Core/Src/GFX_FUNCTIONS.o
 .debug_macro   0x000000000001c3b7      0x225 ./Core/Src/GFX_FUNCTIONS.o
 .debug_macro   0x000000000001c5dc      0x12d ./Core/Src/GFX_FUNCTIONS.o
 .debug_macro   0x000000000001c709       0x22 ./Core/Src/GFX_FUNCTIONS.o
 .debug_macro   0x000000000001c72b       0x22 ./Core/Src/GFX_FUNCTIONS.o
 .debug_macro   0x000000000001c74d      0x184 ./Core/Src/GFX_FUNCTIONS.o
 .debug_macro   0x000000000001c8d1       0x1e ./Core/Src/GFX_FUNCTIONS.o
 .debug_macro   0x000000000001c8ef       0x52 ./Core/Src/GFX_FUNCTIONS.o
 .debug_macro   0x000000000001c941       0x3c ./Core/Src/GFX_FUNCTIONS.o
 .debug_macro   0x000000000001c97d       0x34 ./Core/Src/GFX_FUNCTIONS.o
 .debug_macro   0x000000000001c9b1       0x16 ./Core/Src/GFX_FUNCTIONS.o
 .debug_macro   0x000000000001c9c7       0x35 ./Core/Src/GFX_FUNCTIONS.o
 .debug_macro   0x000000000001c9fc       0x16 ./Core/Src/GFX_FUNCTIONS.o
 .debug_macro   0x000000000001ca12       0x43 ./Core/Src/GFX_FUNCTIONS.o
 .debug_macro   0x000000000001ca55       0x34 ./Core/Src/GFX_FUNCTIONS.o
 .debug_macro   0x000000000001ca89       0x10 ./Core/Src/GFX_FUNCTIONS.o
 .debug_macro   0x000000000001ca99       0x58 ./Core/Src/GFX_FUNCTIONS.o
 .debug_macro   0x000000000001caf1       0x71 ./Core/Src/GFX_FUNCTIONS.o
 .debug_macro   0x000000000001cb62       0x1c ./Core/Src/GFX_FUNCTIONS.o
 .debug_macro   0x000000000001cb7e      0x12a ./Core/Src/GFX_FUNCTIONS.o
 .debug_macro   0x000000000001cca8      0x341 ./Core/Src/GFX_FUNCTIONS.o
 .debug_macro   0x000000000001cfe9       0x16 ./Core/Src/GFX_FUNCTIONS.o
 .debug_macro   0x000000000001cfff       0x29 ./Core/Src/GFX_FUNCTIONS.o
 .debug_macro   0x000000000001d028      0x1e5 ./Core/Src/ST7735.o
 .debug_macro   0x000000000001d20d      0x1f9 ./Core/Src/main.o
 .debug_macro   0x000000000001d406       0x1c ./Core/Src/main.o
 .debug_macro   0x000000000001d422      0x1c9 ./Core/Src/stm32f4xx_hal_msp.o
 .debug_macro   0x000000000001d5eb      0x1d3 ./Core/Src/stm32f4xx_it.o
 .debug_macro   0x000000000001d7be      0x1ba ./Core/Src/system_stm32f4xx.o
 .debug_macro   0x000000000001d978      0x21a ./Drivers/STM32F4xx_HAL_Driver/Src/stm32f4xx_hal.o
 .debug_macro   0x000000000001db92      0x1ba ./Drivers/STM32F4xx_HAL_Driver/Src/stm32f4xx_hal_cortex.o
 .debug_macro   0x000000000001dd4c      0x1c0 ./Drivers/STM32F4xx_HAL_Driver/Src/stm32f4xx_hal_gpio.o
 .debug_macro   0x000000000001df0c      0x1de ./Drivers/STM32F4xx_HAL_Driver/Src/stm32f4xx_hal_rcc.o
 .debug_macro   0x000000000001e0ea      0x1c9 ./Drivers/STM32F4xx_HAL_Driver/Src/stm32f4xx_hal_spi.o

.debug_line     0x0000000000000000     0x85ae
 .debug_line    0x0000000000000000     0x1476 ./Core/Src/GFX_FUNCTIONS.o
 .debug_line    0x0000000000001476      0xa9a ./Core/Src/ST7735.o
 .debug_line    0x0000000000001f10      0x78d ./Core/Src/main.o
 .debug_line    0x000000000000269d      0x6d6 ./Core/Src/stm32f4xx_hal_msp.o
 .debug_line    0x0000000000002d73      0x74c ./Core/Src/stm32f4xx_it.o
 .debug_line    0x00000000000034bf      0x70b ./Core/Src/system_stm32f4xx.o
 .debug_line    0x0000000000003bca       0x88 ./Core/Startup/startup_stm32f405rgtx.o
 .debug_line    0x0000000000003c52      0x971 ./Drivers/STM32F4xx_HAL_Driver/Src/stm32f4xx_hal.o
 .debug_line    0x00000000000045c3      0xc20 ./Drivers/STM32F4xx_HAL_Driver/Src/stm32f4xx_hal_cortex.o
 .debug_line    0x00000000000051e3      0xae5 ./Drivers/STM32F4xx_HAL_Driver/Src/stm32f4xx_hal_gpio.o
 .debug_line    0x0000000000005cc8      0xceb ./Drivers/STM32F4xx_HAL_Driver/Src/stm32f4xx_hal_rcc.o
 .debug_line    0x00000000000069b3     0x1bfb ./Drivers/STM32F4xx_HAL_Driver/Src/stm32f4xx_hal_spi.o

.debug_str      0x0000000000000000    0xb681c
 .debug_str     0x0000000000000000    0xb45a3 ./Core/Src/GFX_FUNCTIONS.o
                                      0xb4850 (size before relaxing)
 .debug_str     0x00000000000b45a3      0x63f ./Core/Src/ST7735.o
                                      0xb1df7 (size before relaxing)
 .debug_str     0x00000000000b4be2      0x2fc ./Core/Src/main.o
                                      0xb1ef9 (size before relaxing)
 .debug_str     0x00000000000b4ede       0x63 ./Core/Src/stm32f4xx_hal_msp.o
                                      0xb17bd (size before relaxing)
 .debug_str     0x00000000000b4f41       0xc9 ./Core/Src/stm32f4xx_it.o
                                      0xb1248 (size before relaxing)
 .debug_str     0x00000000000b500a       0xdb ./Core/Src/system_stm32f4xx.o
                                      0xb1306 (size before relaxing)
 .debug_str     0x00000000000b50e5       0x36 ./Core/Startup/startup_stm32f405rgtx.o
                                         0x85 (size before relaxing)
 .debug_str     0x00000000000b511b      0xad2 ./Drivers/STM32F4xx_HAL_Driver/Src/stm32f4xx_hal.o
                                      0xb1e69 (size before relaxing)
 .debug_str     0x00000000000b5bed      0x34a ./Drivers/STM32F4xx_HAL_Driver/Src/stm32f4xx_hal_cortex.o
                                      0xb1b9c (size before relaxing)
 .debug_str     0x00000000000b5f37      0x121 ./Drivers/STM32F4xx_HAL_Driver/Src/stm32f4xx_hal_gpio.o
                                      0xb1481 (size before relaxing)
 .debug_str     0x00000000000b6058      0x233 ./Drivers/STM32F4xx_HAL_Driver/Src/stm32f4xx_hal_rcc.o
                                      0xb173a (size before relaxing)
 .debug_str     0x00000000000b628b      0x591 ./Drivers/STM32F4xx_HAL_Driver/Src/stm32f4xx_hal_spi.o
                                      0xb1bca (size before relaxing)

.comment        0x0000000000000000       0x50
 .comment       0x0000000000000000       0x50 ./Core/Src/GFX_FUNCTIONS.o
                                         0x51 (size before relaxing)
 .comment       0x0000000000000050       0x51 ./Core/Src/ST7735.o
 .comment       0x0000000000000050       0x51 ./Core/Src/main.o
 .comment       0x0000000000000050       0x51 ./Core/Src/stm32f4xx_hal_msp.o
 .comment       0x0000000000000050       0x51 ./Core/Src/stm32f4xx_it.o
 .comment       0x0000000000000050       0x51 ./Core/Src/system_stm32f4xx.o
 .comment       0x0000000000000050       0x51 ./Drivers/STM32F4xx_HAL_Driver/Src/stm32f4xx_hal.o
 .comment       0x0000000000000050       0x51 ./Drivers/STM32F4xx_HAL_Driver/Src/stm32f4xx_hal_cortex.o
 .comment       0x0000000000000050       0x51 ./Drivers/STM32F4xx_HAL_Driver/Src/stm32f4xx_hal_gpio.o
 .comment       0x0000000000000050       0x51 ./Drivers/STM32F4xx_HAL_Driver/Src/stm32f4xx_hal_rcc.o
 .comment       0x0000000000000050       0x51 ./Drivers/STM32F4xx_HAL_Driver/Src/stm32f4xx_hal_spi.o

.debug_frame    0x0000000000000000     0x1d5c
 .debug_frame   0x0000000000000000      0x478 ./Core/Src/GFX_FUNCTIONS.o
 .debug_frame   0x0000000000000478      0x23c ./Core/Src/ST7735.o
 .debug_frame   0x00000000000006b4       0xb0 ./Core/Src/main.o
 .debug_frame   0x0000000000000764       0x80 ./Core/Src/stm32f4xx_hal_msp.o
 .debug_frame   0x00000000000007e4      0x104 ./Core/Src/stm32f4xx_it.o
 .debug_frame   0x00000000000008e8       0x58 ./Core/Src/system_stm32f4xx.o
 .debug_frame   0x0000000000000940      0x374 ./Drivers/STM32F4xx_HAL_Driver/Src/stm32f4xx_hal.o
 .debug_frame   0x0000000000000cb4      0x498 ./Drivers/STM32F4xx_HAL_Driver/Src/stm32f4xx_hal_cortex.o
 .debug_frame   0x000000000000114c      0x14c ./Drivers/STM32F4xx_HAL_Driver/Src/stm32f4xx_hal_gpio.o
 .debug_frame   0x0000000000001298      0x1f4 ./Drivers/STM32F4xx_HAL_Driver/Src/stm32f4xx_hal_rcc.o
 .debug_frame   0x000000000000148c      0x824 ./Drivers/STM32F4xx_HAL_Driver/Src/stm32f4xx_hal_spi.o
 .debug_frame   0x0000000000001cb0       0x2c c:/st/stm32cubeide_1.10.1/stm32cubeide/plugins/com.st.stm32cube.ide.mcu.externaltools.gnu-tools-for-stm32.10.3-2021.10.win32_1.0.0.202111181127/tools/bin/../lib/gcc/arm-none-eabi/10.3.1/../../../../arm-none-eabi/lib/thumb/v7e-m+fp/hard\libc_nano.a(lib_a-init.o)
 .debug_frame   0x0000000000001cdc       0x20 c:/st/stm32cubeide_1.10.1/stm32cubeide/plugins/com.st.stm32cube.ide.mcu.externaltools.gnu-tools-for-stm32.10.3-2021.10.win32_1.0.0.202111181127/tools/bin/../lib/gcc/arm-none-eabi/10.3.1/../../../../arm-none-eabi/lib/thumb/v7e-m+fp/hard\libc_nano.a(lib_a-memset.o)
 .debug_frame   0x0000000000001cfc       0x2c c:/st/stm32cubeide_1.10.1/stm32cubeide/plugins/com.st.stm32cube.ide.mcu.externaltools.gnu-tools-for-stm32.10.3-2021.10.win32_1.0.0.202111181127/tools/bin/../lib/gcc/arm-none-eabi/10.3.1/thumb/v7e-m+fp/hard\libgcc.a(_aeabi_uldivmod.o)
 .debug_frame   0x0000000000001d28       0x34 c:/st/stm32cubeide_1.10.1/stm32cubeide/plugins/com.st.stm32cube.ide.mcu.externaltools.gnu-tools-for-stm32.10.3-2021.10.win32_1.0.0.202111181127/tools/bin/../lib/gcc/arm-none-eabi/10.3.1/thumb/v7e-m+fp/hard\libgcc.a(_udivmoddi4.o)
