Archive member included to satisfy reference by file (symbol)

c:/st/stm32cubeide_1.10.1/stm32cubeide/plugins/com.st.stm32cube.ide.mcu.externaltools.gnu-tools-for-stm32.10.3-2021.10.win32_1.0.0.202111181127/tools/bin/../lib/gcc/arm-none-eabi/10.3.1/../../../../arm-none-eabi/lib/thumb/v7e-m+fp/hard\libc_nano.a(lib_a-errno.o)
                              ./Core/Src/syscalls.o (__errno)
c:/st/stm32cubeide_1.10.1/stm32cubeide/plugins/com.st.stm32cube.ide.mcu.externaltools.gnu-tools-for-stm32.10.3-2021.10.win32_1.0.0.202111181127/tools/bin/../lib/gcc/arm-none-eabi/10.3.1/../../../../arm-none-eabi/lib/thumb/v7e-m+fp/hard\libc_nano.a(lib_a-exit.o)
                              c:/st/stm32cubeide_1.10.1/stm32cubeide/plugins/com.st.stm32cube.ide.mcu.externaltools.gnu-tools-for-stm32.10.3-2021.10.win32_1.0.0.202111181127/tools/bin/../lib/gcc/arm-none-eabi/10.3.1/../../../../arm-none-eabi/lib/thumb/v7e-m+fp/hard/crt0.o (exit)
c:/st/stm32cubeide_1.10.1/stm32cubeide/plugins/com.st.stm32cube.ide.mcu.externaltools.gnu-tools-for-stm32.10.3-2021.10.win32_1.0.0.202111181127/tools/bin/../lib/gcc/arm-none-eabi/10.3.1/../../../../arm-none-eabi/lib/thumb/v7e-m+fp/hard\libc_nano.a(lib_a-impure.o)
                              c:/st/stm32cubeide_1.10.1/stm32cubeide/plugins/com.st.stm32cube.ide.mcu.externaltools.gnu-tools-for-stm32.10.3-2021.10.win32_1.0.0.202111181127/tools/bin/../lib/gcc/arm-none-eabi/10.3.1/../../../../arm-none-eabi/lib/thumb/v7e-m+fp/hard\libc_nano.a(lib_a-exit.o) (_global_impure_ptr)
c:/st/stm32cubeide_1.10.1/stm32cubeide/plugins/com.st.stm32cube.ide.mcu.externaltools.gnu-tools-for-stm32.10.3-2021.10.win32_1.0.0.202111181127/tools/bin/../lib/gcc/arm-none-eabi/10.3.1/../../../../arm-none-eabi/lib/thumb/v7e-m+fp/hard\libc_nano.a(lib_a-init.o)
                              c:/st/stm32cubeide_1.10.1/stm32cubeide/plugins/com.st.stm32cube.ide.mcu.externaltools.gnu-tools-for-stm32.10.3-2021.10.win32_1.0.0.202111181127/tools/bin/../lib/gcc/arm-none-eabi/10.3.1/../../../../arm-none-eabi/lib/thumb/v7e-m+fp/hard/crt0.o (__libc_init_array)
c:/st/stm32cubeide_1.10.1/stm32cubeide/plugins/com.st.stm32cube.ide.mcu.externaltools.gnu-tools-for-stm32.10.3-2021.10.win32_1.0.0.202111181127/tools/bin/../lib/gcc/arm-none-eabi/10.3.1/../../../../arm-none-eabi/lib/thumb/v7e-m+fp/hard\libc_nano.a(lib_a-memset.o)
                              c:/st/stm32cubeide_1.10.1/stm32cubeide/plugins/com.st.stm32cube.ide.mcu.externaltools.gnu-tools-for-stm32.10.3-2021.10.win32_1.0.0.202111181127/tools/bin/../lib/gcc/arm-none-eabi/10.3.1/../../../../arm-none-eabi/lib/thumb/v7e-m+fp/hard/crt0.o (memset)
c:/st/stm32cubeide_1.10.1/stm32cubeide/plugins/com.st.stm32cube.ide.mcu.externaltools.gnu-tools-for-stm32.10.3-2021.10.win32_1.0.0.202111181127/tools/bin/../lib/gcc/arm-none-eabi/10.3.1/../../../../arm-none-eabi/lib/thumb/v7e-m+fp/hard\libc_nano.a(lib_a-sprintf.o)
                              ./Core/Src/main.o (sprintf)
c:/st/stm32cubeide_1.10.1/stm32cubeide/plugins/com.st.stm32cube.ide.mcu.externaltools.gnu-tools-for-stm32.10.3-2021.10.win32_1.0.0.202111181127/tools/bin/../lib/gcc/arm-none-eabi/10.3.1/../../../../arm-none-eabi/lib/thumb/v7e-m+fp/hard\libc_nano.a(lib_a-nano-svfprintf.o)
                              c:/st/stm32cubeide_1.10.1/stm32cubeide/plugins/com.st.stm32cube.ide.mcu.externaltools.gnu-tools-for-stm32.10.3-2021.10.win32_1.0.0.202111181127/tools/bin/../lib/gcc/arm-none-eabi/10.3.1/../../../../arm-none-eabi/lib/thumb/v7e-m+fp/hard\libc_nano.a(lib_a-sprintf.o) (_svfprintf_r)
c:/st/stm32cubeide_1.10.1/stm32cubeide/plugins/com.st.stm32cube.ide.mcu.externaltools.gnu-tools-for-stm32.10.3-2021.10.win32_1.0.0.202111181127/tools/bin/../lib/gcc/arm-none-eabi/10.3.1/../../../../arm-none-eabi/lib/thumb/v7e-m+fp/hard\libc_nano.a(lib_a-nano-vfprintf_i.o)
                              c:/st/stm32cubeide_1.10.1/stm32cubeide/plugins/com.st.stm32cube.ide.mcu.externaltools.gnu-tools-for-stm32.10.3-2021.10.win32_1.0.0.202111181127/tools/bin/../lib/gcc/arm-none-eabi/10.3.1/../../../../arm-none-eabi/lib/thumb/v7e-m+fp/hard\libc_nano.a(lib_a-nano-svfprintf.o) (_printf_i)
c:/st/stm32cubeide_1.10.1/stm32cubeide/plugins/com.st.stm32cube.ide.mcu.externaltools.gnu-tools-for-stm32.10.3-2021.10.win32_1.0.0.202111181127/tools/bin/../lib/gcc/arm-none-eabi/10.3.1/../../../../arm-none-eabi/lib/thumb/v7e-m+fp/hard\libc_nano.a(lib_a-memchr.o)
                              c:/st/stm32cubeide_1.10.1/stm32cubeide/plugins/com.st.stm32cube.ide.mcu.externaltools.gnu-tools-for-stm32.10.3-2021.10.win32_1.0.0.202111181127/tools/bin/../lib/gcc/arm-none-eabi/10.3.1/../../../../arm-none-eabi/lib/thumb/v7e-m+fp/hard\libc_nano.a(lib_a-nano-svfprintf.o) (memchr)
c:/st/stm32cubeide_1.10.1/stm32cubeide/plugins/com.st.stm32cube.ide.mcu.externaltools.gnu-tools-for-stm32.10.3-2021.10.win32_1.0.0.202111181127/tools/bin/../lib/gcc/arm-none-eabi/10.3.1/../../../../arm-none-eabi/lib/thumb/v7e-m+fp/hard\libc_nano.a(lib_a-memcpy-stub.o)
[...]
Memory Configuration

Name             Origin             Length             Attributes
CCMRAM           0x0000000010000000 0x0000000000010000 xrw
RAM              0x0000000020000000 0x0000000000020000 xrw
FLASH            0x0000000008000000 0x0000000000100000 xr
*default*        0x0000000000000000 0xffffffffffffffff

Linker script and memory map

LOAD c:/st/stm32cubeide_1.10.1/stm32cubeide/plugins/com.st.stm32cube.ide.mcu.externaltools.gnu-tools-for-stm32.10.3-2021.10.win32_1.0.0.202111181127/tools/bin/../lib/gcc/arm-none-eabi/10.3.1/thumb/v7e-m+fp/hard/crti.o
LOAD c:/st/stm32cubeide_1.10.1/stm32cubeide/plugins/com.st.stm32cube.ide.mcu.externaltools.gnu-tools-for-stm32.10.3-2021.10.win32_1.0.0.202111181127/tools/bin/../lib/gcc/arm-none-eabi/10.3.1/thumb/v7e-m+fp/hard/crtbegin.o
LOAD c:/st/stm32cubeide_1.10.1/stm32cubeide/plugins/com.st.stm32cube.ide.mcu.externaltools.gnu-tools-for-stm32.10.3-2021.10.win32_1.0.0.202111181127/tools/bin/../lib/gcc/arm-none-eabi/10.3.1/../../../../arm-none-eabi/lib/thumb/v7e-m+fp/hard/crt0.o
LOAD ./Core/Src/GFX_FUNCTIONS.o
LOAD ./Core/Src/ST7735.o
LOAD ./Core/Src/fonts.o
LOAD ./Core/Src/main.o
LOAD ./Core/Src/stm32f4xx_hal_msp.o
LOAD ./Core/Src/stm32f4xx_it.o
LOAD ./Core/Src/syscalls.o
LOAD ./Core/Src/sysmem.o
LOAD ./Core/Src/system_stm32f4xx.o
LOAD ./Core/Startup/startup_stm32f405rgtx.o
LOAD ./Drivers/STM32F4xx_HAL_Driver/Src/stm32f4xx_hal.o
LOAD ./Drivers/STM32F4xx_HAL_Driver/Src/stm32f4xx_hal_cortex.o
LOAD ./Drivers/STM32F4xx_HAL_Driver/Src/stm32f4xx_hal_dma.o
LOAD ./Drivers/STM32F4xx_HAL_Driver/Src/stm32f4xx_hal_dma_ex.o
LOAD ./Drivers/STM32F4xx_HAL_Driver/Src/stm32f4xx_hal_exti.o
LOAD ./Drivers/STM32F4xx_HAL_Driver/Src/stm32f4xx_hal_flash.o
LOAD ./Drivers/STM32F4xx_HAL_Driver/Src/stm32f4xx_hal_flash_ex.o
LOAD ./Drivers/STM32F4xx_HAL_Driver/Src/stm32f4xx_hal_flash_ramfunc.o
LOAD ./Drivers/STM32F4xx_HAL_Driver/Src/stm32f4xx_hal_gpio.o
LOAD ./Drivers/STM32F4xx_HAL_Driver/Src/stm32f4xx_hal_pwr.o
LOAD ./Drivers/STM32F4xx_HAL_Driver/Src/stm32f4xx_hal_pwr_ex.o
LOAD ./Drivers/STM32F4xx_HAL_Driver/Src/stm32f4xx_hal_rcc.o
LOAD ./Drivers/STM32F4xx_HAL_Driver/Src/stm32f4xx_hal_rcc_ex.o
LOAD ./Drivers/STM32F4xx_HAL_Driver/Src/stm32f4xx_hal_spi.o
LOAD ./Drivers/STM32F4xx_HAL_Driver/Src/stm32f4xx_hal_tim.o
LOAD ./Drivers/STM32F4xx_HAL_Driver/Src/stm32f4xx_hal_tim_ex.o
START GROUP
LOAD c:/st/stm32cubeide_1.10.1/stm32cubeide/plugins/com.st.stm32cube.ide.mcu.externaltools.gnu-tools-for-stm32.10.3-2021.10.win32_1.0.0.202111181127/tools/bin/../lib/gcc/arm-none-eabi/10.3.1/../../../../arm-none-eabi/lib/thumb/v7e-m+fp/hard\libc_nano.a
LOAD c:/st/stm32cubeide_1.10.1/stm32cubeide/plugins/com.st.stm32cube.ide.mcu.externaltools.gnu-tools-for-stm32.10.3-2021.10.win32_1.0.0.202111181127/tools/bin/../lib/gcc/arm-none-eabi/10.3.1/../../../../arm-none-eabi/lib/thumb/v7e-m+fp/hard\libm.a
END GROUP
START GROUP
LOAD c:/st/stm32cubeide_1.10.1/stm32cubeide/plugins/com.st.stm32cube.ide.mcu.externaltools.gnu-tools-for-stm32.10.3-2021.10.win32_1.0.0.202111181127/tools/bin/../lib/gcc/arm-none-eabi/10.3.1/thumb/v7e-m+fp/hard\libgcc.a
LOAD c:/st/stm32cubeide_1.10.1/stm32cubeide/plugins/com.st.stm32cube.ide.mcu.externaltools.gnu-tools-for-stm32.10.3-2021.10.win32_1.0.0.202111181127/tools/bin/../lib/gcc/arm-none-eabi/10.3.1/../../../../arm-none-eabi/lib/thumb/v7e-m+fp/hard\libc_nano.a
END GROUP
START GROUP
LOAD c:/st/stm32cubeide_1.10.1/stm32cubeide/plugins/com.st.stm32cube.ide.mcu.externaltools.gnu-tools-for-stm32.10.3-2021.10.win32_1.0.0.202111181127/tools/bin/../lib/gcc/arm-none-eabi/10.3.1/thumb/v7e-m+fp/hard\libgcc.a
LOAD c:/st/stm32cubeide_1.10.1/stm32cubeide/plugins/com.st.stm32cube.ide.mcu.externaltools.gnu-tools-for-stm32.10.3-2021.10.win32_1.0.0.202111181127/tools/bin/../lib/gcc/arm-none-eabi/10.3.1/../../../../arm-none-eabi/lib/thumb/v7e-m+fp/hard\libc_nano.a
LOAD c:/st/stm32cubeide_1.10.1/stm32cubeide/plugins/com.st.stm32cube.ide.mcu.externaltools.gnu-tools-for-stm32.10.3-2021.10.win32_1.0.0.202111181127/tools/bin/../lib/gcc/arm-none-eabi/10.3.1/../../../../arm-none-eabi/lib/thumb/v7e-m+fp/hard\libnosys.a
END GROUP
START GROUP
LOAD c:/st/stm32cubeide_1.10.1/stm32cubeide/plugins/com.st.stm32cube.ide.mcu.externaltools.gnu-tools-for-stm32.10.3-2021.10.win32_1.0.0.202111181127/tools/bin/../lib/gcc/arm-none-eabi/10.3.1/thumb/v7e-m+fp/hard\libgcc.a
LOAD c:/st/stm32cubeide_1.10.1/stm32cubeide/plugins/com.st.stm32cube.ide.mcu.externaltools.gnu-tools-for-stm32.10.3-2021.10.win32_1.0.0.202111181127/tools/bin/../lib/gcc/arm-none-eabi/10.3.1/../../../../arm-none-eabi/lib/thumb/v7e-m+fp/hard\libc_nano.a
LOAD c:/st/stm32cubeide_1.10.1/stm32cubeide/plugins/com.st.stm32cube.ide.mcu.externaltools.gnu-tools-for-stm32.10.3-2021.10.win32_1.0.0.202111181127/tools/bin/../lib/gcc/arm-none-eabi/10.3.1/../../../../arm-none-eabi/lib/thumb/v7e-m+fp/hard\libnosys.a
END GROUP
LOAD c:/st/stm32cubeide_1.10.1/stm32cubeide/plugins/com.st.stm32cube.ide.mcu.externaltools.gnu-tools-for-stm32.10.3-2021.10.win32_1.0.0.202111181127/tools/bin/../lib/gcc/arm-none-eabi/10.3.1/thumb/v7e-m+fp/hard/crtend.o
LOAD c:/st/stm32cubeide_1.10.1/stm32cubeide/plugins/com.st.stm32cube.ide.mcu.externaltools.gnu-tools-for-stm32.10.3-2021.10.win32_1.0.0.202111181127/tools/bin/../lib/gcc/arm-none-eabi/10.3.1/thumb/v7e-m+fp/hard/crtn.o
                0x0000000020020000                _estack = (ORIGIN (RAM) + LENGTH (RAM))
                0x0000000000000200                _Min_Heap_Size = 0x200
                0x0000000000000400                _Min_Stack_Size = 0x400

.isr_vector     0x0000000008000000      0x188
                0x0000000008000000                . = ALIGN (0x4)
 *(.isr_vector)
 .isr_vector    0x0000000008000000      0x188 ./Core/Startup/startup_stm32f405rgtx.o
                0x0000000008000000                g_pfnVectors
                0x0000000008000188                . = ALIGN (0x4)

.text           0x0000000008000190     0x32b4
                0x0000000008000190                . = ALIGN (0x4)
 *(.text)
 .text          0x0000000008000190       0x40 c:/st/stm32cubeide_1.10.1/stm32cubeide/plugins/com.st.stm32cube.ide.mcu.externaltools.gnu-tools-for-stm32.10.3-2021.10.win32_1.0.0.202111181127/tools/bin/../lib/gcc/arm-none-eabi/10.3.1/thumb/v7e-m+fp/hard/crtbegin.o
 .text          0x00000000080001d0       0xa0 c:/st/stm32cubeide_1.10.1/stm32cubeide/plugins/com.st.stm32cube.ide.mcu.externaltools.gnu-tools-for-stm32.10.3-2021.10.win32_1.0.0.202111181127/tools/bin/../lib/gcc/arm-none-eabi/10.3.1/../../../../arm-none-eabi/lib/thumb/v7e-m+fp/hard\libc_nano.a(lib_a-memchr.o)
                0x00000000080001d0                memchr
 .text          0x0000000008000270       0x30 c:/st/stm32cubeide_1.10.1/stm32cubeide/plugins/com.st.stm32cube.ide.mcu.externaltools.gnu-tools-for-stm32.10.3-2021.10.win32_1.0.0.202111181127/tools/bin/../lib/gcc/arm-none-eabi/10.3.1/thumb/v7e-m+fp/hard\libgcc.a(_aeabi_uldivmod.o)
                0x0000000008000270                __aeabi_uldivmod
 .text          0x00000000080002a0      0x2d0 c:/st/stm32cubeide_1.10.1/stm32cubeide/plugins/com.st.stm32cube.ide.mcu.externaltools.gnu-tools-for-stm32.10.3-2021.10.win32_1.0.0.202111181127/tools/bin/../lib/gcc/arm-none-eabi/10.3.1/thumb/v7e-m+fp/hard\libgcc.a(_udivmoddi4.o)
                0x00000000080002a0                __udivmoddi4
 .text          0x0000000008000570        0x4 c:/st/stm32cubeide_1.10.1/stm32cubeide/plugins/com.st.stm32cube.ide.mcu.externaltools.gnu-tools-for-stm32.10.3-2021.10.win32_1.0.0.202111181127/tools/bin/../lib/gcc/arm-none-eabi/10.3.1/thumb/v7e-m+fp/hard\libgcc.a(_dvmd_tls.o)
                0x0000000008000570                __aeabi_idiv0
                0x0000000008000570                __aeabi_ldiv0
 *(.text*)
 .text.fillRect
                0x0000000008000574       0x38 ./Core/Src/GFX_FUNCTIONS.o
                0x0000000008000574                fillRect
 .text.fillScreen
                0x00000000080005ac       0x34 ./Core/Src/GFX_FUNCTIONS.o
                0x00000000080005ac                fillScreen
 .text.ST7735_Select
                0x00000000080005e0       0x18 ./Core/Src/ST7735.o
                0x00000000080005e0                ST7735_Select
 .text.ST7735_Unselect
                0x00000000080005f8       0x18 ./Core/Src/ST7735.o
                0x00000000080005f8                ST7735_Unselect
 .text.ST7735_Reset
                0x0000000008000610       0x2c ./Core/Src/ST7735.o
                0x0000000008000610                ST7735_Reset
 .text.ST7735_WriteCommand
                0x000000000800063c       0x34 ./Core/Src/ST7735.o
                0x000000000800063c                ST7735_WriteCommand
 .text.ST7735_WriteData
                0x0000000008000670       0x34 ./Core/Src/ST7735.o
                0x0000000008000670                ST7735_WriteData
 .text.DisplayInit
                0x00000000080006a4       0x92 ./Core/Src/ST7735.o
                0x00000000080006a4                DisplayInit
 *fill*         0x0000000008000736        0x2 
 .text.ST7735_SetAddressWindow
                0x0000000008000738       0x90 ./Core/Src/ST7735.o
                0x0000000008000738                ST7735_SetAddressWindow
 .text.ST7735_Init
                0x00000000080007c8       0x58 ./Core/Src/ST7735.o
                0x00000000080007c8                ST7735_Init
 .text.ST7735_SetRotation
                0x0000000008000820      0x100 ./Core/Src/ST7735.o
                0x0000000008000820                ST7735_SetRotation
 .text.ST7735_WriteChar
                0x0000000008000920       0xee ./Core/Src/ST7735.o
                0x0000000008000920                ST7735_WriteChar
 *fill*         0x0000000008000a0e        0x2 
 .text.ST7735_WriteString
                0x0000000008000a10       0xa8 ./Core/Src/ST7735.o
                0x0000000008000a10                ST7735_WriteString
 .text.ST7735_FillRectangle
                0x0000000008000ab8      0x110 ./Core/Src/ST7735.o
                0x0000000008000ab8                ST7735_FillRectangle
 .text.main     0x0000000008000bc8       0x98 ./Core/Src/main.o
                0x0000000008000bc8                main
 .text.SystemClock_Config
                0x0000000008000c60       0xd4 ./Core/Src/main.o
                0x0000000008000c60                SystemClock_Config
 .text.MX_SPI2_Init
                0x0000000008000d34       0x70 ./Core/Src/main.o
 .text.MX_TIM3_Init
                0x0000000008000da4       0xa8 ./Core/Src/main.o
 .text.MX_GPIO_Init
                0x0000000008000e4c      0x100 ./Core/Src/main.o
 .text.Error_Handler
                0x0000000008000f4c        0xe ./Core/Src/main.o
                0x0000000008000f4c                Error_Handler
 *fill*         0x0000000008000f5a        0x2 
 .text.HAL_MspInit
                0x0000000008000f5c       0x50 ./Core/Src/stm32f4xx_hal_msp.o
                0x0000000008000f5c                HAL_MspInit
 .text.HAL_SPI_MspInit
                0x0000000008000fac       0x90 ./Core/Src/stm32f4xx_hal_msp.o
                0x0000000008000fac                HAL_SPI_MspInit
 .text.HAL_TIM_Encoder_MspInit
                0x000000000800103c       0x90 ./Core/Src/stm32f4xx_hal_msp.o
                0x000000000800103c                HAL_TIM_Encoder_MspInit
 .text.NMI_Handler
                0x00000000080010cc        0x6 ./Core/Src/stm32f4xx_it.o
                0x00000000080010cc                NMI_Handler
 .text.HardFault_Handler
                0x00000000080010d2        0x6 ./Core/Src/stm32f4xx_it.o
                0x00000000080010d2                HardFault_Handler
 .text.MemManage_Handler
                0x00000000080010d8        0x6 ./Core/Src/stm32f4xx_it.o
                0x00000000080010d8                MemManage_Handler
 .text.BusFault_Handler
                0x00000000080010de        0x6 ./Core/Src/stm32f4xx_it.o
                0x00000000080010de                BusFault_Handler
 .text.UsageFault_Handler
                0x00000000080010e4        0x6 ./Core/Src/stm32f4xx_it.o
                0x00000000080010e4                UsageFault_Handler
 .text.SVC_Handler
                0x00000000080010ea        0xe ./Core/Src/stm32f4xx_it.o
                0x00000000080010ea                SVC_Handler
 .text.DebugMon_Handler
                0x00000000080010f8        0xe ./Core/Src/stm32f4xx_it.o
                0x00000000080010f8                DebugMon_Handler
 .text.PendSV_Handler
                0x0000000008001106        0xe ./Core/Src/stm32f4xx_it.o
                0x0000000008001106                PendSV_Handler
 .text.SysTick_Handler
                0x0000000008001114        0xc ./Core/Src/stm32f4xx_it.o
                0x0000000008001114                SysTick_Handler
 .text._sbrk    0x0000000008001120       0x6c ./Core/Src/sysmem.o
                0x0000000008001120                _sbrk
 .text.SystemInit
                0x000000000800118c       0x24 ./Core/Src/system_stm32f4xx.o
                0x000000000800118c                SystemInit
 .text.Reset_Handler
                0x00000000080011b0       0x50 ./Core/Startup/startup_stm32f405rgtx.o
                0x00000000080011b0                Reset_Handler
 .text.Default_Handler
                0x0000000008001200        0x2 ./Core/Startup/startup_stm32f405rgtx.o
                0x0000000008001200                RTC_Alarm_IRQHandler
                0x0000000008001200                HASH_RNG_IRQHandler
                0x0000000008001200                EXTI2_IRQHandler
                0x0000000008001200                TIM8_CC_IRQHandler
                0x0000000008001200                TIM1_CC_IRQHandler
                0x0000000008001200                DMA2_Stream5_IRQHandler
                0x0000000008001200                DMA1_Stream5_IRQHandler
                0x0000000008001200                PVD_IRQHandler
                0x0000000008001200                SDIO_IRQHandler
                0x0000000008001200                TAMP_STAMP_IRQHandler
                0x0000000008001200                CAN2_RX1_IRQHandler
                0x0000000008001200                EXTI3_IRQHandler
                0x0000000008001200                TIM8_TRG_COM_TIM14_IRQHandler
                0x0000000008001200                TIM1_UP_TIM10_IRQHandler
                0x0000000008001200                TIM8_UP_TIM13_IRQHandler
                0x0000000008001200                I2C3_ER_IRQHandler
                0x0000000008001200                EXTI0_IRQHandler
                0x0000000008001200                I2C2_EV_IRQHandler
                0x0000000008001200                DMA1_Stream2_IRQHandler
                0x0000000008001200                CAN1_RX0_IRQHandler
                0x0000000008001200                FPU_IRQHandler
                0x0000000008001200                OTG_HS_WKUP_IRQHandler
                0x0000000008001200                CAN2_SCE_IRQHandler
                0x0000000008001200                DMA2_Stream2_IRQHandler
                0x0000000008001200                SPI1_IRQHandler
                0x0000000008001200                TIM6_DAC_IRQHandler
                0x0000000008001200                TIM1_BRK_TIM9_IRQHandler
                0x0000000008001200                CAN2_RX0_IRQHandler
                0x0000000008001200                DMA2_Stream3_IRQHandler
                0x0000000008001200                USART6_IRQHandler
                0x0000000008001200                USART3_IRQHandler
                0x0000000008001200                CAN1_RX1_IRQHandler
                0x0000000008001200                UART5_IRQHandler
                0x0000000008001200                DMA2_Stream0_IRQHandler
                0x0000000008001200                TIM4_IRQHandler
                0x0000000008001200                I2C1_EV_IRQHandler
                0x0000000008001200                DMA1_Stream6_IRQHandler
                0x0000000008001200                DMA1_Stream1_IRQHandler
                0x0000000008001200                UART4_IRQHandler
                0x0000000008001200                TIM3_IRQHandler
                0x0000000008001200                RCC_IRQHandler
                0x0000000008001200                TIM8_BRK_TIM12_IRQHandler
                0x0000000008001200                Default_Handler
                0x0000000008001200                EXTI15_10_IRQHandler
                0x0000000008001200                ADC_IRQHandler
                0x0000000008001200                DMA1_Stream7_IRQHandler
                0x0000000008001200                TIM7_IRQHandler
                0x0000000008001200                CAN2_TX_IRQHandler
                0x0000000008001200                TIM5_IRQHandler
                0x0000000008001200                DMA2_Stream7_IRQHandler
                0x0000000008001200                I2C3_EV_IRQHandler
                0x0000000008001200                EXTI9_5_IRQHandler
                0x0000000008001200                RTC_WKUP_IRQHandler
                0x0000000008001200                SPI2_IRQHandler
                0x0000000008001200                OTG_HS_EP1_IN_IRQHandler
                0x0000000008001200                DMA1_Stream0_IRQHandler
                0x0000000008001200                CAN1_TX_IRQHandler
                0x0000000008001200                EXTI4_IRQHandler
                0x0000000008001200                FSMC_IRQHandler
                0x0000000008001200                OTG_HS_EP1_OUT_IRQHandler
                0x0000000008001200                WWDG_IRQHandler
                0x0000000008001200                TIM2_IRQHandler
                0x0000000008001200                OTG_FS_WKUP_IRQHandler
                0x0000000008001200                TIM1_TRG_COM_TIM11_IRQHandler
                0x0000000008001200                OTG_HS_IRQHandler
                0x0000000008001200                EXTI1_IRQHandler
                0x0000000008001200                USART2_IRQHandler
                0x0000000008001200                I2C2_ER_IRQHandler
                0x0000000008001200                DMA2_Stream1_IRQHandler
                0x0000000008001200                CAN1_SCE_IRQHandler
                0x0000000008001200                FLASH_IRQHandler
                0x0000000008001200                DMA2_Stream4_IRQHandler
                0x0000000008001200                USART1_IRQHandler
                0x0000000008001200                OTG_FS_IRQHandler
                0x0000000008001200                SPI3_IRQHandler
                0x0000000008001200                DMA1_Stream4_IRQHandler
                0x0000000008001200                I2C1_ER_IRQHandler
                0x0000000008001200                DMA2_Stream6_IRQHandler
                0x0000000008001200                DMA1_Stream3_IRQHandler
 *fill*         0x0000000008001202        0x2 
 .text.HAL_Init
                0x0000000008001204       0x44 ./Drivers/STM32F4xx_HAL_Driver/Src/stm32f4xx_hal.o
                0x0000000008001204                HAL_Init
 .text.HAL_InitTick
                0x0000000008001248       0x60 ./Drivers/STM32F4xx_HAL_Driver/Src/stm32f4xx_hal.o
                0x0000000008001248                HAL_InitTick
 .text.HAL_IncTick
                0x00000000080012a8       0x28 ./Drivers/STM32F4xx_HAL_Driver/Src/stm32f4xx_hal.o
                0x00000000080012a8                HAL_IncTick
 .text.HAL_GetTick
                0x00000000080012d0       0x18 ./Drivers/STM32F4xx_HAL_Driver/Src/stm32f4xx_hal.o
                0x00000000080012d0                HAL_GetTick
 .text.HAL_Delay
                0x00000000080012e8       0x48 ./Drivers/STM32F4xx_HAL_Driver/Src/stm32f4xx_hal.o
                0x00000000080012e8                HAL_Delay
 .text.__NVIC_SetPriorityGrouping
                0x0000000008001330       0x48 ./Drivers/STM32F4xx_HAL_Driver/Src/stm32f4xx_hal_cortex.o
 .text.__NVIC_GetPriorityGrouping
                0x0000000008001378       0x1c ./Drivers/STM32F4xx_HAL_Driver/Src/stm32f4xx_hal_cortex.o
 .text.__NVIC_SetPriority
                0x0000000008001394       0x54 ./Drivers/STM32F4xx_HAL_Driver/Src/stm32f4xx_hal_cortex.o
 .text.NVIC_EncodePriority
                0x00000000080013e8       0x66 ./Drivers/STM32F4xx_HAL_Driver/Src/stm32f4xx_hal_cortex.o
 *fill*         0x000000000800144e        0x2 
 .text.SysTick_Config
                0x0000000008001450       0x44 ./Drivers/STM32F4xx_HAL_Driver/Src/stm32f4xx_hal_cortex.o
 .text.HAL_NVIC_SetPriorityGrouping
                0x0000000008001494       0x16 ./Drivers/STM32F4xx_HAL_Driver/Src/stm32f4xx_hal_cortex.o
                0x0000000008001494                HAL_NVIC_SetPriorityGrouping
 .text.HAL_NVIC_SetPriority
                0x00000000080014aa       0x38 ./Drivers/STM32F4xx_HAL_Driver/Src/stm32f4xx_hal_cortex.o
                0x00000000080014aa                HAL_NVIC_SetPriority
 .text.HAL_SYSTICK_Config
                0x00000000080014e2       0x18 ./Drivers/STM32F4xx_HAL_Driver/Src/stm32f4xx_hal_cortex.o
                0x00000000080014e2                HAL_SYSTICK_Config
 *fill*         0x00000000080014fa        0x2 
 .text.HAL_GPIO_Init
                0x00000000080014fc      0x338 ./Drivers/STM32F4xx_HAL_Driver/Src/stm32f4xx_hal_gpio.o
                0x00000000080014fc                HAL_GPIO_Init
 .text.HAL_GPIO_ReadPin
                0x0000000008001834       0x30 ./Drivers/STM32F4xx_HAL_Driver/Src/stm32f4xx_hal_gpio.o
                0x0000000008001834                HAL_GPIO_ReadPin
 .text.HAL_GPIO_WritePin
                0x0000000008001864       0x32 ./Drivers/STM32F4xx_HAL_Driver/Src/stm32f4xx_hal_gpio.o
                0x0000000008001864                HAL_GPIO_WritePin
 *fill*         0x0000000008001896        0x2 
 .text.HAL_RCC_OscConfig
                0x0000000008001898      0x4f0 ./Drivers/STM32F4xx_HAL_Driver/Src/stm32f4xx_hal_rcc.o
                0x0000000008001898                HAL_RCC_OscConfig
 .text.HAL_RCC_ClockConfig
                0x0000000008001d88      0x1cc ./Drivers/STM32F4xx_HAL_Driver/Src/stm32f4xx_hal_rcc.o
                0x0000000008001d88                HAL_RCC_ClockConfig
 .text.HAL_RCC_GetSysClockFreq
                0x0000000008001f54      0x18c ./Drivers/STM32F4xx_HAL_Driver/Src/stm32f4xx_hal_rcc.o
                0x0000000008001f54                HAL_RCC_GetSysClockFreq
 .text.HAL_SPI_Init
                0x00000000080020e0      0x112 ./Drivers/STM32F4xx_HAL_Driver/Src/stm32f4xx_hal_spi.o
                0x00000000080020e0                HAL_SPI_Init
 .text.HAL_SPI_Transmit
                0x00000000080021f2      0x278 ./Drivers/STM32F4xx_HAL_Driver/Src/stm32f4xx_hal_spi.o
                0x00000000080021f2                HAL_SPI_Transmit
 *fill*         0x000000000800246a        0x2 
 .text.SPI_WaitFlagStateUntilTimeout
                0x000000000800246c      0x110 ./Drivers/STM32F4xx_HAL_Driver/Src/stm32f4xx_hal_spi.o
 .text.SPI_EndRxTxTransaction
                0x000000000800257c       0x84 ./Drivers/STM32F4xx_HAL_Driver/Src/stm32f4xx_hal_spi.o
 .text.HAL_TIM_Encoder_Init
                0x0000000008002600      0x14c ./Drivers/STM32F4xx_HAL_Driver/Src/stm32f4xx_hal_tim.o
                0x0000000008002600                HAL_TIM_Encoder_Init
 .text.HAL_TIM_Encoder_Start
                0x000000000800274c      0x11c ./Drivers/STM32F4xx_HAL_Driver/Src/stm32f4xx_hal_tim.o
                0x000000000800274c                HAL_TIM_Encoder_Start
 .text.TIM_Base_SetConfig
                0x0000000008002868      0x140 ./Drivers/STM32F4xx_HAL_Driver/Src/stm32f4xx_hal_tim.o
                0x0000000008002868                TIM_Base_SetConfig
 .text.TIM_CCxChannelCmd
                0x00000000080029a8       0x4a ./Drivers/STM32F4xx_HAL_Driver/Src/stm32f4xx_hal_tim.o
                0x00000000080029a8                TIM_CCxChannelCmd
 *fill*         0x00000000080029f2        0x2 
 .text.HAL_TIMEx_MasterConfigSynchronization
                0x00000000080029f4       0xf8 ./Drivers/STM32F4xx_HAL_Driver/Src/stm32f4xx_hal_tim_ex.o
                0x00000000080029f4                HAL_TIMEx_MasterConfigSynchronization
 .text.__errno  0x0000000008002aec        0xc c:/st/stm32cubeide_1.10.1/stm32cubeide/plugins/com.st.stm32cube.ide.mcu.externaltools.gnu-tools-for-stm32.10.3-2021.10.win32_1.0.0.202111181127/tools/bin/../lib/gcc/arm-none-eabi/10.3.1/../../../../arm-none-eabi/lib/thumb/v7e-m+fp/hard\libc_nano.a(lib_a-errno.o)
                0x0000000008002aec                __errno
 .text.__libc_init_array
                0x0000000008002af8       0x48 c:/st/stm32cubeide_1.10.1/stm32cubeide/plugins/com.st.stm32cube.ide.mcu.externaltools.gnu-tools-for-stm32.10.3-2021.10.win32_1.0.0.202111181127/tools/bin/../lib/gcc/arm-none-eabi/10.3.1/../../../../arm-none-eabi/lib/thumb/v7e-m+fp/hard\libc_nano.a(lib_a-init.o)
                0x0000000008002af8                __libc_init_array
 .text.memset   0x0000000008002b40       0x10 c:/st/stm32cubeide_1.10.1/stm32cubeide/plugins/com.st.stm32cube.ide.mcu.externaltools.gnu-tools-for-stm32.10.3-2021.10.win32_1.0.0.202111181127/tools/bin/../lib/gcc/arm-none-eabi/10.3.1/../../../../arm-none-eabi/lib/thumb/v7e-m+fp/hard\libc_nano.a(lib_a-memset.o)
                0x0000000008002b40                memset
 .text.sprintf  0x0000000008002b50       0x40 c:/st/stm32cubeide_1.10.1/stm32cubeide/plugins/com.st.stm32cube.ide.mcu.externaltools.gnu-tools-for-stm32.10.3-2021.10.win32_1.0.0.202111181127/tools/bin/../lib/gcc/arm-none-eabi/10.3.1/../../../../arm-none-eabi/lib/thumb/v7e-m+fp/hard\libc_nano.a(lib_a-sprintf.o)
                0x0000000008002b50                siprintf
                0x0000000008002b50                sprintf
 .text.__ssputs_r
                0x0000000008002b90       0xb6 c:/st/stm32cubeide_1.10.1/stm32cubeide/plugins/com.st.stm32cube.ide.mcu.externaltools.gnu-tools-for-stm32.10.3-2021.10.win32_1.0.0.202111181127/tools/bin/../lib/gcc/arm-none-eabi/10.3.1/../../../../arm-none-eabi/lib/thumb/v7e-m+fp/hard\libc_nano.a(lib_a-nano-svfprintf.o)
                0x0000000008002b90                __ssputs_r
 *fill*         0x0000000008002c46        0x2 
 .text._svfprintf_r
                0x0000000008002c48      0x200 c:/st/stm32cubeide_1.10.1/stm32cubeide/plugins/com.st.stm32cube.ide.mcu.externaltools.gnu-tools-for-stm32.10.3-2021.10.win32_1.0.0.202111181127/tools/bin/../lib/gcc/arm-none-eabi/10.3.1/../../../../arm-none-eabi/lib/thumb/v7e-m+fp/hard\libc_nano.a(lib_a-nano-svfprintf.o)
                0x0000000008002c48                _svfiprintf_r
                0x0000000008002c48                _svfprintf_r
 .text._printf_common
                0x0000000008002e48       0xda c:/st/stm32cubeide_1.10.1/stm32cubeide/plugins/com.st.stm32cube.ide.mcu.externaltools.gnu-tools-for-stm32.10.3-2021.10.win32_1.0.0.202111181127/tools/bin/../lib/gcc/arm-none-eabi/10.3.1/../../../../arm-none-eabi/lib/thumb/v7e-m+fp/hard\libc_nano.a(lib_a-nano-vfprintf_i.o)
                0x0000000008002e48                _printf_common
 *fill*         0x0000000008002f22        0x2 
 .text._printf_i
                0x0000000008002f24      0x24c c:/st/stm32cubeide_1.10.1/stm32cubeide/plugins/com.st.stm32cube.ide.mcu.externaltools.gnu-tools-for-stm32.10.3-2021.10.win32_1.0.0.202111181127/tools/bin/../lib/gcc/arm-none-eabi/10.3.1/../../../../arm-none-eabi/lib/thumb/v7e-m+fp/hard\libc_nano.a(lib_a-nano-vfprintf_i.o)
                0x0000000008002f24                _printf_i
 .text.memcpy   0x0000000008003170       0x1c c:/st/stm32cubeide_1.10.1/stm32cubeide/plugins/com.st.stm32cube.ide.mcu.externaltools.gnu-tools-for-stm32.10.3-2021.10.win32_1.0.0.202111181127/tools/bin/../lib/gcc/arm-none-eabi/10.3.1/../../../../arm-none-eabi/lib/thumb/v7e-m+fp/hard\libc_nano.a(lib_a-memcpy-stub.o)
                0x0000000008003170                memcpy
 .text.memmove  0x000000000800318c       0x34 c:/st/stm32cubeide_1.10.1/stm32cubeide/plugins/com.st.stm32cube.ide.mcu.externaltools.gnu-tools-for-stm32.10.3-2021.10.win32_1.0.0.202111181127/tools/bin/../lib/gcc/arm-none-eabi/10.3.1/../../../../arm-none-eabi/lib/thumb/v7e-m+fp/hard\libc_nano.a(lib_a-memmove.o)
                0x000000000800318c                memmove
 .text._free_r  0x00000000080031c0       0x98 c:/st/stm32cubeide_1.10.1/stm32cubeide/plugins/com.st.stm32cube.ide.mcu.externaltools.gnu-tools-for-stm32.10.3-2021.10.win32_1.0.0.202111181127/tools/bin/../lib/gcc/arm-none-eabi/10.3.1/../../../../arm-none-eabi/lib/thumb/v7e-m+fp/hard\libc_nano.a(lib_a-nano-freer.o)
                0x00000000080031c0                _free_r
 .text.sbrk_aligned
                0x0000000008003258       0x40 c:/st/stm32cubeide_1.10.1/stm32cubeide/plugins/com.st.stm32cube.ide.mcu.externaltools.gnu-tools-for-stm32.10.3-2021.10.win32_1.0.0.202111181127/tools/bin/../lib/gcc/arm-none-eabi/10.3.1/../../../../arm-none-eabi/lib/thumb/v7e-m+fp/hard\libc_nano.a(lib_a-nano-mallocr.o)
 .text._malloc_r
                0x0000000008003298       0xe8 c:/st/stm32cubeide_1.10.1/stm32cubeide/plugins/com.st.stm32cube.ide.mcu.externaltools.gnu-tools-for-stm32.10.3-2021.10.win32_1.0.0.202111181127/tools/bin/../lib/gcc/arm-none-eabi/10.3.1/../../../../arm-none-eabi/lib/thumb/v7e-m+fp/hard\libc_nano.a(lib_a-nano-mallocr.o)
                0x0000000008003298                _malloc_r
 .text._realloc_r
                0x0000000008003380       0x5e c:/st/stm32cubeide_1.10.1/stm32cubeide/plugins/com.st.stm32cube.ide.mcu.externaltools.gnu-tools-for-stm32.10.3-2021.10.win32_1.0.0.202111181127/tools/bin/../lib/gcc/arm-none-eabi/10.3.1/../../../../arm-none-eabi/lib/thumb/v7e-m+fp/hard\libc_nano.a(lib_a-nano-reallocr.o)
                0x0000000008003380                _realloc_r
 *fill*         0x00000000080033de        0x2 
 .text._sbrk_r  0x00000000080033e0       0x20 c:/st/stm32cubeide_1.10.1/stm32cubeide/plugins/com.st.stm32cube.ide.mcu.externaltools.gnu-tools-for-stm32.10.3-2021.10.win32_1.0.0.202111181127/tools/bin/../lib/gcc/arm-none-eabi/10.3.1/../../../../arm-none-eabi/lib/thumb/v7e-m+fp/hard\libc_nano.a(lib_a-sbrkr.o)
                0x00000000080033e0                _sbrk_r
 .text.__malloc_lock
                0x0000000008003400        0xc c:/st/stm32cubeide_1.10.1/stm32cubeide/plugins/com.st.stm32cube.ide.mcu.externaltools.gnu-tools-for-stm32.10.3-2021.10.win32_1.0.0.202111181127/tools/bin/../lib/gcc/arm-none-eabi/10.3.1/../../../../arm-none-eabi/lib/thumb/v7e-m+fp/hard\libc_nano.a(lib_a-mlock.o)
                0x0000000008003400                __malloc_lock
 .text.__malloc_unlock
                0x000000000800340c        0xc c:/st/stm32cubeide_1.10.1/stm32cubeide/plugins/com.st.stm32cube.ide.mcu.externaltools.gnu-tools-for-stm32.10.3-2021.10.win32_1.0.0.202111181127/tools/bin/../lib/gcc/arm-none-eabi/10.3.1/../../../../arm-none-eabi/lib/thumb/v7e-m+fp/hard\libc_nano.a(lib_a-mlock.o)
                0x000000000800340c                __malloc_unlock
 .text._malloc_usable_size_r
                0x0000000008003418       0x10 c:/st/stm32cubeide_1.10.1/stm32cubeide/plugins/com.st.stm32cube.ide.mcu.externaltools.gnu-tools-for-stm32.10.3-2021.10.win32_1.0.0.202111181127/tools/bin/../lib/gcc/arm-none-eabi/10.3.1/../../../../arm-none-eabi/lib/thumb/v7e-m+fp/hard\libc_nano.a(lib_a-nano-msizer.o)
                0x0000000008003418                _malloc_usable_size_r
 .text.__retarget_lock_acquire_recursive
                0x0000000008003428        0x2 c:/st/stm32cubeide_1.10.1/stm32cubeide/plugins/com.st.stm32cube.ide.mcu.externaltools.gnu-tools-for-stm32.10.3-2021.10.win32_1.0.0.202111181127/tools/bin/../lib/gcc/arm-none-eabi/10.3.1/../../../../arm-none-eabi/lib/thumb/v7e-m+fp/hard\libc_nano.a(lib_a-lock.o)
                0x0000000008003428                __retarget_lock_acquire_recursive
 .text.__retarget_lock_release_recursive
                0x000000000800342a        0x2 c:/st/stm32cubeide_1.10.1/stm32cubeide/plugins/com.st.stm32cube.ide.mcu.externaltools.gnu-tools-for-stm32.10.3-2021.10.win32_1.0.0.202111181127/tools/bin/../lib/gcc/arm-none-eabi/10.3.1/../../../../arm-none-eabi/lib/thumb/v7e-m+fp/hard\libc_nano.a(lib_a-lock.o)
                0x000000000800342a                __retarget_lock_release_recursive
 *(.glue_7)
 .glue_7        0x000000000800342c        0x0 linker stubs
 *(.glue_7t)
 .glue_7t       0x000000000800342c        0x0 linker stubs
 *(.eh_frame)
 .eh_frame      0x000000000800342c        0x0 c:/st/stm32cubeide_1.10.1/stm32cubeide/plugins/com.st.stm32cube.ide.mcu.externaltools.gnu-tools-for-stm32.10.3-2021.10.win32_1.0.0.202111181127/tools/bin/../lib/gcc/arm-none-eabi/10.3.1/thumb/v7e-m+fp/hard/crtbegin.o
 *(.init)
 .init          0x000000000800342c        0x4 c:/st/stm32cubeide_1.10.1/stm32cubeide/plugins/com.st.stm32cube.ide.mcu.externaltools.gnu-tools-for-stm32.10.3-2021.10.win32_1.0.0.202111181127/tools/bin/../lib/gcc/arm-none-eabi/10.3.1/thumb/v7e-m+fp/hard/crti.o
                0x000000000800342c                _init
 .init          0x0000000008003430        0x8 c:/st/stm32cubeide_1.10.1/stm32cubeide/plugins/com.st.stm32cube.ide.mcu.externaltools.gnu-tools-for-stm32.10.3-2021.10.win32_1.0.0.202111181127/tools/bin/../lib/gcc/arm-none-eabi/10.3.1/thumb/v7e-m+fp/hard/crtn.o
 *(.fini)
 .fini          0x0000000008003438        0x4 c:/st/stm32cubeide_1.10.1/stm32cubeide/plugins/com.st.stm32cube.ide.mcu.externaltools.gnu-tools-for-stm32.10.3-2021.10.win32_1.0.0.202111181127/tools/bin/../lib/gcc/arm-none-eabi/10.3.1/thumb/v7e-m+fp/hard/crti.o
                0x0000000008003438                _fini
 .fini          0x000000000800343c        0x8 c:/st/stm32cubeide_1.10.1/stm32cubeide/plugins/com.st.stm32cube.ide.mcu.externaltools.gnu-tools-for-stm32.10.3-2021.10.win32_1.0.0.202111181127/tools/bin/../lib/gcc/arm-none-eabi/10.3.1/thumb/v7e-m+fp/hard/crtn.o
                0x0000000008003444                . = ALIGN (0x4)
                0x0000000008003444                _etext = .

.vfp11_veneer   0x0000000008003444        0x0
 .vfp11_veneer  0x0000000008003444        0x0 linker stubs

.v4_bx          0x0000000008003444        0x0
 .v4_bx         0x0000000008003444        0x0 linker stubs

.iplt           0x0000000008003444        0x0
 .iplt          0x0000000008003444        0x0 c:/st/stm32cubeide_1.10.1/stm32cubeide/plugins/com.st.stm32cube.ide.mcu.externaltools.gnu-tools-for-stm32.10.3-2021.10.win32_1.0.0.202111181127/tools/bin/../lib/gcc/arm-none-eabi/10.3.1/thumb/v7e-m+fp/hard/crtbegin.o

.rodata         0x0000000008003444      0xe20
                0x0000000008003444                . = ALIGN (0x4)
 *(.rodata)
 .rodata        0x0000000008003444        0x9 ./Core/Src/main.o
 *(.rodata*)
 *fill*         0x000000000800344d        0x3 
 .rodata.init_cmds1
                0x0000000008003450       0x38 ./Core/Src/ST7735.o
                0x0000000008003450                init_cmds1
 .rodata.init_cmds2
                0x0000000008003488        0xd ./Core/Src/ST7735.o
                0x0000000008003488                init_cmds2
 *fill*         0x0000000008003495        0x3 
 .rodata.init_cmds3
                0x0000000008003498       0x2b ./Core/Src/ST7735.o
                0x0000000008003498                init_cmds3
 *fill*         0x00000000080034c3        0x1 
 .rodata.Font11x18
                0x00000000080034c4      0xd5c ./Core/Src/fonts.o
 .rodata.AHBPrescTable
                0x0000000008004220       0x10 ./Core/Src/system_stm32f4xx.o
                0x0000000008004220                AHBPrescTable
 .rodata._svfprintf_r.str1.1
                0x0000000008004230       0x11 c:/st/stm32cubeide_1.10.1/stm32cubeide/plugins/com.st.stm32cube.ide.mcu.externaltools.gnu-tools-for-stm32.10.3-2021.10.win32_1.0.0.202111181127/tools/bin/../lib/gcc/arm-none-eabi/10.3.1/../../../../arm-none-eabi/lib/thumb/v7e-m+fp/hard\libc_nano.a(lib_a-nano-svfprintf.o)
 .rodata._printf_i.str1.1
                0x0000000008004241       0x22 c:/st/stm32cubeide_1.10.1/stm32cubeide/plugins/com.st.stm32cube.ide.mcu.externaltools.gnu-tools-for-stm32.10.3-2021.10.win32_1.0.0.202111181127/tools/bin/../lib/gcc/arm-none-eabi/10.3.1/../../../../arm-none-eabi/lib/thumb/v7e-m+fp/hard\libc_nano.a(lib_a-nano-vfprintf_i.o)
                0x0000000008004264                . = ALIGN (0x4)
 *fill*         0x0000000008004263        0x1 

.ARM.extab      0x0000000008004264        0x0
                0x0000000008004264                . = ALIGN (0x4)
 *(.ARM.extab* .gnu.linkonce.armextab.*)
                0x0000000008004264                . = ALIGN (0x4)

.ARM            0x0000000008004264        0x8
                0x0000000008004264                . = ALIGN (0x4)
                0x0000000008004264                __exidx_start = .
 *(.ARM.exidx*)
 .ARM.exidx     0x0000000008004264        0x8 c:/st/stm32cubeide_1.10.1/stm32cubeide/plugins/com.st.stm32cube.ide.mcu.externaltools.gnu-tools-for-stm32.10.3-2021.10.win32_1.0.0.202111181127/tools/bin/../lib/gcc/arm-none-eabi/10.3.1/thumb/v7e-m+fp/hard\libgcc.a(_udivmoddi4.o)
                0x000000000800426c                __exidx_end = .
                0x000000000800426c                . = ALIGN (0x4)

.rel.dyn        0x000000000800426c        0x0
 .rel.iplt      0x000000000800426c        0x0 c:/st/stm32cubeide_1.10.1/stm32cubeide/plugins/com.st.stm32cube.ide.mcu.externaltools.gnu-tools-for-stm32.10.3-2021.10.win32_1.0.0.202111181127/tools/bin/../lib/gcc/arm-none-eabi/10.3.1/thumb/v7e-m+fp/hard/crtbegin.o

.preinit_array  0x000000000800426c        0x0
                0x000000000800426c                . = ALIGN (0x4)
                0x000000000800426c                PROVIDE (__preinit_array_start = .)
 *(.preinit_array*)
                0x000000000800426c                PROVIDE (__preinit_array_end = .)
                0x000000000800426c                . = ALIGN (0x4)

.init_array     0x000000000800426c        0x4
                0x000000000800426c                . = ALIGN (0x4)
                0x000000000800426c                PROVIDE (__init_array_start = .)
 *(SORT_BY_NAME(.init_array.*))
 *(.init_array*)
 .init_array    0x000000000800426c        0x4 c:/st/stm32cubeide_1.10.1/stm32cubeide/plugins/com.st.stm32cube.ide.mcu.externaltools.gnu-tools-for-stm32.10.3-2021.10.win32_1.0.0.202111181127/tools/bin/../lib/gcc/arm-none-eabi/10.3.1/thumb/v7e-m+fp/hard/crtbegin.o
                0x0000000008004270                PROVIDE (__init_array_end = .)
                0x0000000008004270                . = ALIGN (0x4)

.fini_array     0x0000000008004270        0x4
                0x0000000008004270                . = ALIGN (0x4)
                [!provide]                        PROVIDE (__fini_array_start = .)
 *(SORT_BY_NAME(.fini_array.*))
 *(.fini_array*)
 .fini_array    0x0000000008004270        0x4 c:/st/stm32cubeide_1.10.1/stm32cubeide/plugins/com.st.stm32cube.ide.mcu.externaltools.gnu-tools-for-stm32.10.3-2021.10.win32_1.0.0.202111181127/tools/bin/../lib/gcc/arm-none-eabi/10.3.1/thumb/v7e-m+fp/hard/crtbegin.o
                [!provide]                        PROVIDE (__fini_array_end = .)
                0x0000000008004274                . = ALIGN (0x4)
                0x0000000008004274                _sidata = LOADADDR (.data)

.data           0x0000000020000000       0x78 load address 0x0000000008004274
                0x0000000020000000                . = ALIGN (0x4)
                0x0000000020000000                _sdata = .
 *(.data)
 *(.data*)
 .data.Font_11x18
                0x0000000020000000        0x8 ./Core/Src/fonts.o
                0x0000000020000000                Font_11x18
 .data.SystemCoreClock
                0x0000000020000008        0x4 ./Core/Src/system_stm32f4xx.o
                0x0000000020000008                SystemCoreClock
 .data.uwTickPrio
                0x000000002000000c        0x4 ./Drivers/STM32F4xx_HAL_Driver/Src/stm32f4xx_hal.o
                0x000000002000000c                uwTickPrio
 .data.uwTickFreq
                0x0000000020000010        0x1 ./Drivers/STM32F4xx_HAL_Driver/Src/stm32f4xx_hal.o
                0x0000000020000010                uwTickFreq
 *fill*         0x0000000020000011        0x3 
 .data._impure_ptr
                0x0000000020000014        0x4 c:/st/stm32cubeide_1.10.1/stm32cubeide/plugins/com.st.stm32cube.ide.mcu.externaltools.gnu-tools-for-stm32.10.3-2021.10.win32_1.0.0.202111181127/tools/bin/../lib/gcc/arm-none-eabi/10.3.1/../../../../arm-none-eabi/lib/thumb/v7e-m+fp/hard\libc_nano.a(lib_a-impure.o)
                0x0000000020000014                _impure_ptr
 .data.impure_data
                0x0000000020000018       0x60 c:/st/stm32cubeide_1.10.1/stm32cubeide/plugins/com.st.stm32cube.ide.mcu.externaltools.gnu-tools-for-stm32.10.3-2021.10.win32_1.0.0.202111181127/tools/bin/../lib/gcc/arm-none-eabi/10.3.1/../../../../arm-none-eabi/lib/thumb/v7e-m+fp/hard\libc_nano.a(lib_a-impure.o)
 *(.RamFunc)
 *(.RamFunc*)
                0x0000000020000078                . = ALIGN (0x4)
                0x0000000020000078                _edata = .
                0x00000000080042ec                _siccmram = LOADADDR (.ccmram)

.igot.plt       0x0000000020000078        0x0 load address 0x00000000080042ec
 .igot.plt      0x0000000020000078        0x0 c:/st/stm32cubeide_1.10.1/stm32cubeide/plugins/com.st.stm32cube.ide.mcu.externaltools.gnu-tools-for-stm32.10.3-2021.10.win32_1.0.0.202111181127/tools/bin/../lib/gcc/arm-none-eabi/10.3.1/thumb/v7e-m+fp/hard/crtbegin.o

.ccmram         0x0000000010000000        0x0 load address 0x00000000080042ec
                0x0000000010000000                . = ALIGN (0x4)
                0x0000000010000000                _sccmram = .
 *(.ccmram)
 *(.ccmram*)
                0x0000000010000000                . = ALIGN (0x4)
                0x0000000010000000                _eccmram = .
                0x0000000010000000                . = ALIGN (0x4)

.bss            0x0000000020000078       0xf8
                0x0000000020000078                _sbss = .
                0x0000000020000078                __bss_start__ = _sbss
 *(.bss)
 .bss           0x0000000020000078       0x1c c:/st/stm32cubeide_1.10.1/stm32cubeide/plugins/com.st.stm32cube.ide.mcu.externaltools.gnu-tools-for-stm32.10.3-2021.10.win32_1.0.0.202111181127/tools/bin/../lib/gcc/arm-none-eabi/10.3.1/thumb/v7e-m+fp/hard/crtbegin.o
 *(.bss*)
 .bss._width    0x0000000020000094        0x2 ./Core/Src/ST7735.o
                0x0000000020000094                _width
 .bss._height   0x0000000020000096        0x2 ./Core/Src/ST7735.o
                0x0000000020000096                _height
 .bss.rotation  0x0000000020000098        0x1 ./Core/Src/ST7735.o
                0x0000000020000098                rotation
 .bss._colstart
                0x0000000020000099        0x1 ./Core/Src/ST7735.o
                0x0000000020000099                _colstart
 .bss._rowstart
                0x000000002000009a        0x1 ./Core/Src/ST7735.o
                0x000000002000009a                _rowstart
 .bss._xstart   0x000000002000009b        0x1 ./Core/Src/ST7735.o
                0x000000002000009b                _xstart
 .bss._ystart   0x000000002000009c        0x1 ./Core/Src/ST7735.o
                0x000000002000009c                _ystart
 *fill*         0x000000002000009d        0x3 
 .bss.hspi2     0x00000000200000a0       0x58 ./Core/Src/main.o
                0x00000000200000a0                hspi2
 .bss.htim3     0x00000000200000f8       0x48 ./Core/Src/main.o
                0x00000000200000f8                htim3
 .bss.counter   0x0000000020000140        0x2 ./Core/Src/main.o
                0x0000000020000140                counter
 *fill*         0x0000000020000142        0x2 
 .bss.buffer    0x0000000020000144       0x14 ./Core/Src/main.o
                0x0000000020000144                buffer
 .bss.__sbrk_heap_end
                0x0000000020000158        0x4 ./Core/Src/sysmem.o
 .bss.uwTick    0x000000002000015c        0x4 ./Drivers/STM32F4xx_HAL_Driver/Src/stm32f4xx_hal.o
                0x000000002000015c                uwTick
 .bss.__malloc_free_list
                0x0000000020000160        0x4 c:/st/stm32cubeide_1.10.1/stm32cubeide/plugins/com.st.stm32cube.ide.mcu.externaltools.gnu-tools-for-stm32.10.3-2021.10.win32_1.0.0.202111181127/tools/bin/../lib/gcc/arm-none-eabi/10.3.1/../../../../arm-none-eabi/lib/thumb/v7e-m+fp/hard\libc_nano.a(lib_a-nano-mallocr.o)
                0x0000000020000160                __malloc_free_list
 .bss.__malloc_sbrk_start
                0x0000000020000164        0x4 c:/st/stm32cubeide_1.10.1/stm32cubeide/plugins/com.st.stm32cube.ide.mcu.externaltools.gnu-tools-for-stm32.10.3-2021.10.win32_1.0.0.202111181127/tools/bin/../lib/gcc/arm-none-eabi/10.3.1/../../../../arm-none-eabi/lib/thumb/v7e-m+fp/hard\libc_nano.a(lib_a-nano-mallocr.o)
                0x0000000020000164                __malloc_sbrk_start
 .bss.errno     0x0000000020000168        0x4 c:/st/stm32cubeide_1.10.1/stm32cubeide/plugins/com.st.stm32cube.ide.mcu.externaltools.gnu-tools-for-stm32.10.3-2021.10.win32_1.0.0.202111181127/tools/bin/../lib/gcc/arm-none-eabi/10.3.1/../../../../arm-none-eabi/lib/thumb/v7e-m+fp/hard\libc_nano.a(lib_a-reent.o)
                0x0000000020000168                errno
 .bss.__lock___malloc_recursive_mutex
                0x000000002000016c        0x1 c:/st/stm32cubeide_1.10.1/stm32cubeide/plugins/com.st.stm32cube.ide.mcu.externaltools.gnu-tools-for-stm32.10.3-2021.10.win32_1.0.0.202111181127/tools/bin/../lib/gcc/arm-none-eabi/10.3.1/../../../../arm-none-eabi/lib/thumb/v7e-m+fp/hard\libc_nano.a(lib_a-lock.o)
                0x000000002000016c                __lock___malloc_recursive_mutex
 *(COMMON)
                0x0000000020000170                . = ALIGN (0x4)
 *fill*         0x000000002000016d        0x3 
                0x0000000020000170                _ebss = .
                0x0000000020000170                __bss_end__ = _ebss

._user_heap_stack
                0x0000000020000170      0x600
                0x0000000020000170                . = ALIGN (0x8)
                [!provide]                        PROVIDE (end = .)
                0x0000000020000170                PROVIDE (_end = .)
                0x0000000020000370                . = (. + _Min_Heap_Size)
 *fill*         0x0000000020000170      0x200 
                0x0000000020000770                . = (. + _Min_Stack_Size)
 *fill*         0x0000000020000370      0x400 
                0x0000000020000770                . = ALIGN (0x8)

/DISCARD/
 libc.a(*)
 libm.a(*)
 libgcc.a(*)

.ARM.attributes
                0x0000000000000000       0x30
 *(.ARM.attributes)
 .ARM.attributes
                0x0000000000000000       0x1e c:/st/stm32cubeide_1.10.1/stm32cubeide/plugins/com.st.stm32cube.ide.mcu.externaltools.gnu-tools-for-stm32.10.3-2021.10.win32_1.0.0.202111181127/tools/bin/../lib/gcc/arm-none-eabi/10.3.1/thumb/v7e-m+fp/hard/crti.o
 .ARM.attributes
                0x000000000000001e       0x34 c:/st/stm32cubeide_1.10.1/stm32cubeide/plugins/com.st.stm32cube.ide.mcu.externaltools.gnu-tools-for-stm32.10.3-2021.10.win32_1.0.0.202111181127/tools/bin/../lib/gcc/arm-none-eabi/10.3.1/thumb/v7e-m+fp/hard/crtbegin.o
 .ARM.attributes
                0x0000000000000052       0x34 ./Core/Src/GFX_FUNCTIONS.o
 .ARM.attributes
                0x0000000000000086       0x34 ./Core/Src/ST7735.o
 .ARM.attributes
                0x00000000000000ba       0x34 ./Core/Src/fonts.o
 .ARM.attributes
                0x00000000000000ee       0x34 ./Core/Src/main.o
 .ARM.attributes
                0x0000000000000122       0x34 ./Core/Src/stm32f4xx_hal_msp.o
 .ARM.attributes
                0x0000000000000156       0x34 ./Core/Src/stm32f4xx_it.o
 .ARM.attributes
                0x000000000000018a       0x34 ./Core/Src/sysmem.o
 .ARM.attributes
                0x00000000000001be       0x34 ./Core/Src/system_stm32f4xx.o
 .ARM.attributes
                0x00000000000001f2       0x21 ./Core/Startup/startup_stm32f405rgtx.o
 .ARM.attributes
                0x0000000000000213       0x34 ./Drivers/STM32F4xx_HAL_Driver/Src/stm32f4xx_hal.o
 .ARM.attributes
                0x0000000000000247       0x34 ./Drivers/STM32F4xx_HAL_Driver/Src/stm32f4xx_hal_cortex.o
 .ARM.attributes
                0x000000000000027b       0x34 ./Drivers/STM32F4xx_HAL_Driver/Src/stm32f4xx_hal_gpio.o
 .ARM.attributes
                0x00000000000002af       0x34 ./Drivers/STM32F4xx_HAL_Driver/Src/stm32f4xx_hal_rcc.o
 .ARM.attributes
                0x00000000000002e3       0x34 ./Drivers/STM32F4xx_HAL_Driver/Src/stm32f4xx_hal_spi.o
 .ARM.attributes
                0x0000000000000317       0x34 ./Drivers/STM32F4xx_HAL_Driver/Src/stm32f4xx_hal_tim.o
 .ARM.attributes
                0x000000000000034b       0x34 ./Drivers/STM32F4xx_HAL_Driver/Src/stm32f4xx_hal_tim_ex.o
 .ARM.attributes
                0x000000000000037f       0x34 c:/st/stm32cubeide_1.10.1/stm32cubeide/plugins/com.st.stm32cube.ide.mcu.externaltools.gnu-tools-for-stm32.10.3-2021.10.win32_1.0.0.202111181127/tools/bin/../lib/gcc/arm-none-eabi/10.3.1/../../../../arm-none-eabi/lib/thumb/v7e-m+fp/hard\libc_nano.a(lib_a-errno.o)
 .ARM.attributes
                0x00000000000003b3       0x34 c:/st/stm32cubeide_1.10.1/stm32cubeide/plugins/com.st.stm32cube.ide.mcu.externaltools.gnu-tools-for-stm32.10.3-2021.10.win32_1.0.0.202111181127/tools/bin/../lib/gcc/arm-none-eabi/10.3.1/../../../../arm-none-eabi/lib/thumb/v7e-m+fp/hard\libc_nano.a(lib_a-impure.o)
 .ARM.attributes
                0x00000000000003e7       0x34 c:/st/stm32cubeide_1.10.1/stm32cubeide/plugins/com.st.stm32cube.ide.mcu.externaltools.gnu-tools-for-stm32.10.3-2021.10.win32_1.0.0.202111181127/tools/bin/../lib/gcc/arm-none-eabi/10.3.1/../../../../arm-none-eabi/lib/thumb/v7e-m+fp/hard\libc_nano.a(lib_a-init.o)
 .ARM.attributes
                0x000000000000041b       0x34 c:/st/stm32cubeide_1.10.1/stm32cubeide/plugins/com.st.stm32cube.ide.mcu.externaltools.gnu-tools-for-stm32.10.3-2021.10.win32_1.0.0.202111181127/tools/bin/../lib/gcc/arm-none-eabi/10.3.1/../../../../arm-none-eabi/lib/thumb/v7e-m+fp/hard\libc_nano.a(lib_a-memset.o)
 .ARM.attributes
                0x000000000000044f       0x34 c:/st/stm32cubeide_1.10.1/stm32cubeide/plugins/com.st.stm32cube.ide.mcu.externaltools.gnu-tools-for-stm32.10.3-2021.10.win32_1.0.0.202111181127/tools/bin/../lib/gcc/arm-none-eabi/10.3.1/../../../../arm-none-eabi/lib/thumb/v7e-m+fp/hard\libc_nano.a(lib_a-sprintf.o)
 .ARM.attributes
                0x0000000000000483       0x34 c:/st/stm32cubeide_1.10.1/stm32cubeide/plugins/com.st.stm32cube.ide.mcu.externaltools.gnu-tools-for-stm32.10.3-2021.10.win32_1.0.0.202111181127/tools/bin/../lib/gcc/arm-none-eabi/10.3.1/../../../../arm-none-eabi/lib/thumb/v7e-m+fp/hard\libc_nano.a(lib_a-nano-svfprintf.o)
 .ARM.attributes
                0x00000000000004b7       0x34 c:/st/stm32cubeide_1.10.1/stm32cubeide/plugins/com.st.stm32cube.ide.mcu.externaltools.gnu-tools-for-stm32.10.3-2021.10.win32_1.0.0.202111181127/tools/bin/../lib/gcc/arm-none-eabi/10.3.1/../../../../arm-none-eabi/lib/thumb/v7e-m+fp/hard\libc_nano.a(lib_a-nano-vfprintf_i.o)
 .ARM.attributes
                0x00000000000004eb       0x1c c:/st/stm32cubeide_1.10.1/stm32cubeide/plugins/com.st.stm32cube.ide.mcu.externaltools.gnu-tools-for-stm32.10.3-2021.10.win32_1.0.0.202111181127/tools/bin/../lib/gcc/arm-none-eabi/10.3.1/../../../../arm-none-eabi/lib/thumb/v7e-m+fp/hard\libc_nano.a(lib_a-memchr.o)
 .ARM.attributes
                0x0000000000000507       0x34 c:/st/stm32cubeide_1.10.1/stm32cubeide/plugins/com.st.stm32cube.ide.mcu.externaltools.gnu-tools-for-stm32.10.3-2021.10.win32_1.0.0.202111181127/tools/bin/../lib/gcc/arm-none-eabi/10.3.1/../../../../arm-none-eabi/lib/thumb/v7e-m+fp/hard\libc_nano.a(lib_a-memcpy-stub.o)
 .ARM.attributes
                0x000000000000053b       0x34 c:/st/stm32cubeide_1.10.1/stm32cubeide/plugins/com.st.stm32cube.ide.mcu.externaltools.gnu-tools-for-stm32.10.3-2021.10.win32_1.0.0.202111181127/tools/bin/../lib/gcc/arm-none-eabi/10.3.1/../../../../arm-none-eabi/lib/thumb/v7e-m+fp/hard\libc_nano.a(lib_a-memmove.o)
 .ARM.attributes
                0x000000000000056f       0x34 c:/st/stm32cubeide_1.10.1/stm32cubeide/plugins/com.st.stm32cube.ide.mcu.externaltools.gnu-tools-for-stm32.10.3-2021.10.win32_1.0.0.202111181127/tools/bin/../lib/gcc/arm-none-eabi/10.3.1/../../../../arm-none-eabi/lib/thumb/v7e-m+fp/hard\libc_nano.a(lib_a-nano-freer.o)
 .ARM.attributes
                0x00000000000005a3       0x34 c:/st/stm32cubeide_1.10.1/stm32cubeide/plugins/com.st.stm32cube.ide.mcu.externaltools.gnu-tools-for-stm32.10.3-2021.10.win32_1.0.0.202111181127/tools/bin/../lib/gcc/arm-none-eabi/10.3.1/../../../../arm-none-eabi/lib/thumb/v7e-m+fp/hard\libc_nano.a(lib_a-nano-mallocr.o)
 .ARM.attributes
                0x00000000000005d7       0x34 c:/st/stm32cubeide_1.10.1/stm32cubeide/plugins/com.st.stm32cube.ide.mcu.externaltools.gnu-tools-for-stm32.10.3-2021.10.win32_1.0.0.202111181127/tools/bin/../lib/gcc/arm-none-eabi/10.3.1/../../../../arm-none-eabi/lib/thumb/v7e-m+fp/hard\libc_nano.a(lib_a-nano-reallocr.o)
 .ARM.attributes
                0x000000000000060b       0x34 c:/st/stm32cubeide_1.10.1/stm32cubeide/plugins/com.st.stm32cube.ide.mcu.externaltools.gnu-tools-for-stm32.10.3-2021.10.win32_1.0.0.202111181127/tools/bin/../lib/gcc/arm-none-eabi/10.3.1/../../../../arm-none-eabi/lib/thumb/v7e-m+fp/hard\libc_nano.a(lib_a-sbrkr.o)
 .ARM.attributes
                0x000000000000063f       0x34 c:/st/stm32cubeide_1.10.1/stm32cubeide/plugins/com.st.stm32cube.ide.mcu.externaltools.gnu-tools-for-stm32.10.3-2021.10.win32_1.0.0.202111181127/tools/bin/../lib/gcc/arm-none-eabi/10.3.1/../../../../arm-none-eabi/lib/thumb/v7e-m+fp/hard\libc_nano.a(lib_a-mlock.o)
 .ARM.attributes
                0x0000000000000673       0x34 c:/st/stm32cubeide_1.10.1/stm32cubeide/plugins/com.st.stm32cube.ide.mcu.externaltools.gnu-tools-for-stm32.10.3-2021.10.win32_1.0.0.202111181127/tools/bin/../lib/gcc/arm-none-eabi/10.3.1/../../../../arm-none-eabi/lib/thumb/v7e-m+fp/hard\libc_nano.a(lib_a-nano-msizer.o)
 .ARM.attributes
                0x00000000000006a7       0x34 c:/st/stm32cubeide_1.10.1/stm32cubeide/plugins/com.st.stm32cube.ide.mcu.externaltools.gnu-tools-for-stm32.10.3-2021.10.win32_1.0.0.202111181127/tools/bin/../lib/gcc/arm-none-eabi/10.3.1/../../../../arm-none-eabi/lib/thumb/v7e-m+fp/hard\libc_nano.a(lib_a-reent.o)
 .ARM.attributes
                0x00000000000006db       0x34 c:/st/stm32cubeide_1.10.1/stm32cubeide/plugins/com.st.stm32cube.ide.mcu.externaltools.gnu-tools-for-stm32.10.3-2021.10.win32_1.0.0.202111181127/tools/bin/../lib/gcc/arm-none-eabi/10.3.1/../../../../arm-none-eabi/lib/thumb/v7e-m+fp/hard\libc_nano.a(lib_a-lock.o)
 .ARM.attributes
                0x000000000000070f       0x1e c:/st/stm32cubeide_1.10.1/stm32cubeide/plugins/com.st.stm32cube.ide.mcu.externaltools.gnu-tools-for-stm32.10.3-2021.10.win32_1.0.0.202111181127/tools/bin/../lib/gcc/arm-none-eabi/10.3.1/thumb/v7e-m+fp/hard\libgcc.a(_aeabi_uldivmod.o)
 .ARM.attributes
                0x000000000000072d       0x34 c:/st/stm32cubeide_1.10.1/stm32cubeide/plugins/com.st.stm32cube.ide.mcu.externaltools.gnu-tools-for-stm32.10.3-2021.10.win32_1.0.0.202111181127/tools/bin/../lib/gcc/arm-none-eabi/10.3.1/thumb/v7e-m+fp/hard\libgcc.a(_udivmoddi4.o)
 .ARM.attributes
                0x0000000000000761       0x1e c:/st/stm32cubeide_1.10.1/stm32cubeide/plugins/com.st.stm32cube.ide.mcu.externaltools.gnu-tools-for-stm32.10.3-2021.10.win32_1.0.0.202111181127/tools/bin/../lib/gcc/arm-none-eabi/10.3.1/thumb/v7e-m+fp/hard\libgcc.a(_dvmd_tls.o)
 .ARM.attributes
                0x000000000000077f       0x1e c:/st/stm32cubeide_1.10.1/stm32cubeide/plugins/com.st.stm32cube.ide.mcu.externaltools.gnu-tools-for-stm32.10.3-2021.10.win32_1.0.0.202111181127/tools/bin/../lib/gcc/arm-none-eabi/10.3.1/thumb/v7e-m+fp/hard/crtn.o
OUTPUT(feather405_st7735screen_1_8_inch.elf elf32-littlearm)
LOAD linker stubs
LOAD c:/st/stm32cubeide_1.10.1/stm32cubeide/plugins/com.st.stm32cube.ide.mcu.externaltools.gnu-tools-for-stm32.10.3-2021.10.win32_1.0.0.202111181127/tools/bin/../lib/gcc/arm-none-eabi/10.3.1/../../../../arm-none-eabi/lib/thumb/v7e-m+fp/hard\libc.a
LOAD c:/st/stm32cubeide_1.10.1/stm32cubeide/plugins/com.st.stm32cube.ide.mcu.externaltools.gnu-tools-for-stm32.10.3-2021.10.win32_1.0.0.202111181127/tools/bin/../lib/gcc/arm-none-eabi/10.3.1/../../../../arm-none-eabi/lib/thumb/v7e-m+fp/hard\libm.a
LOAD c:/st/stm32cubeide_1.10.1/stm32cubeide/plugins/com.st.stm32cube.ide.mcu.externaltools.gnu-tools-for-stm32.10.3-2021.10.win32_1.0.0.202111181127/tools/bin/../lib/gcc/arm-none-eabi/10.3.1/thumb/v7e-m+fp/hard\libgcc.a

.debug_info     0x0000000000000000     0xc719
 .debug_info    0x0000000000000000      0xf35 ./Core/Src/GFX_FUNCTIONS.o
 .debug_info    0x0000000000000f35      0xd4b ./Core/Src/ST7735.o
 .debug_info    0x0000000000001c80      0x1ae ./Core/Src/fonts.o
 .debug_info    0x0000000000001e2e     0x124a ./Core/Src/main.o
 .debug_info    0x0000000000003078      0xd91 ./Core/Src/stm32f4xx_hal_msp.o
 .debug_info    0x0000000000003e09      0x121 ./Core/Src/stm32f4xx_it.o
 .debug_info    0x0000000000003f2a      0x171 ./Core/Src/sysmem.o
 .debug_info    0x000000000000409b      0x523 ./Core/Src/system_stm32f4xx.o
 .debug_info    0x00000000000045be       0x22 ./Core/Startup/startup_stm32f405rgtx.o
 .debug_info    0x00000000000045e0      0x96a ./Drivers/STM32F4xx_HAL_Driver/Src/stm32f4xx_hal.o
 .debug_info    0x0000000000004f4a      0xe09 ./Drivers/STM32F4xx_HAL_Driver/Src/stm32f4xx_hal_cortex.o
 .debug_info    0x0000000000005d53      0x76a ./Drivers/STM32F4xx_HAL_Driver/Src/stm32f4xx_hal_gpio.o
 .debug_info    0x00000000000064bd      0x966 ./Drivers/STM32F4xx_HAL_Driver/Src/stm32f4xx_hal_rcc.o
 .debug_info    0x0000000000006e23     0x1758 ./Drivers/STM32F4xx_HAL_Driver/Src/stm32f4xx_hal_spi.o
 .debug_info    0x000000000000857b     0x2bbe ./Drivers/STM32F4xx_HAL_Driver/Src/stm32f4xx_hal_tim.o
 .debug_info    0x000000000000b139     0x15e0 ./Drivers/STM32F4xx_HAL_Driver/Src/stm32f4xx_hal_tim_ex.o

.debug_abbrev   0x0000000000000000     0x1bfc
 .debug_abbrev  0x0000000000000000      0x1a5 ./Core/Src/GFX_FUNCTIONS.o
 .debug_abbrev  0x00000000000001a5      0x258 ./Core/Src/ST7735.o
 .debug_abbrev  0x00000000000003fd       0xad ./Core/Src/fonts.o
 .debug_abbrev  0x00000000000004aa      0x293 ./Core/Src/main.o
 .debug_abbrev  0x000000000000073d      0x1a7 ./Core/Src/stm32f4xx_hal_msp.o
 .debug_abbrev  0x00000000000008e4       0x74 ./Core/Src/stm32f4xx_it.o
 .debug_abbrev  0x0000000000000958       0xbb ./Core/Src/sysmem.o
 .debug_abbrev  0x0000000000000a13      0x116 ./Core/Src/system_stm32f4xx.o
 .debug_abbrev  0x0000000000000b29       0x12 ./Core/Startup/startup_stm32f405rgtx.o
 .debug_abbrev  0x0000000000000b3b      0x20d ./Drivers/STM32F4xx_HAL_Driver/Src/stm32f4xx_hal.o
 .debug_abbrev  0x0000000000000d48      0x316 ./Drivers/STM32F4xx_HAL_Driver/Src/stm32f4xx_hal_cortex.o
 .debug_abbrev  0x000000000000105e      0x1c4 ./Drivers/STM32F4xx_HAL_Driver/Src/stm32f4xx_hal_gpio.o
 .debug_abbrev  0x0000000000001222      0x2aa ./Drivers/STM32F4xx_HAL_Driver/Src/stm32f4xx_hal_rcc.o
 .debug_abbrev  0x00000000000014cc      0x26e ./Drivers/STM32F4xx_HAL_Driver/Src/stm32f4xx_hal_spi.o
 .debug_abbrev  0x000000000000173a      0x25d ./Drivers/STM32F4xx_HAL_Driver/Src/stm32f4xx_hal_tim.o
 .debug_abbrev  0x0000000000001997      0x265 ./Drivers/STM32F4xx_HAL_Driver/Src/stm32f4xx_hal_tim_ex.o

.debug_aranges  0x0000000000000000      0xcf0
 .debug_aranges
                0x0000000000000000      0x100 ./Core/Src/GFX_FUNCTIONS.o
 .debug_aranges
                0x0000000000000100       0x90 ./Core/Src/ST7735.o
 .debug_aranges
                0x0000000000000190       0x18 ./Core/Src/fonts.o
 .debug_aranges
                0x00000000000001a8       0x48 ./Core/Src/main.o
 .debug_aranges
                0x00000000000001f0       0x40 ./Core/Src/stm32f4xx_hal_msp.o
 .debug_aranges
                0x0000000000000230       0x60 ./Core/Src/stm32f4xx_it.o
 .debug_aranges
                0x0000000000000290       0x20 ./Core/Src/sysmem.o
 .debug_aranges
                0x00000000000002b0       0x28 ./Core/Src/system_stm32f4xx.o
 .debug_aranges
                0x00000000000002d8       0x28 ./Core/Startup/startup_stm32f405rgtx.o
 .debug_aranges
                0x0000000000000300       0xf0 ./Drivers/STM32F4xx_HAL_Driver/Src/stm32f4xx_hal.o
 .debug_aranges
                0x00000000000003f0      0x118 ./Drivers/STM32F4xx_HAL_Driver/Src/stm32f4xx_hal_cortex.o
 .debug_aranges
                0x0000000000000508       0x58 ./Drivers/STM32F4xx_HAL_Driver/Src/stm32f4xx_hal_gpio.o
 .debug_aranges
                0x0000000000000560       0x88 ./Drivers/STM32F4xx_HAL_Driver/Src/stm32f4xx_hal_rcc.o
 .debug_aranges
                0x00000000000005e8      0x1d0 ./Drivers/STM32F4xx_HAL_Driver/Src/stm32f4xx_hal_spi.o
 .debug_aranges
                0x00000000000007b8      0x3d0 ./Drivers/STM32F4xx_HAL_Driver/Src/stm32f4xx_hal_tim.o
 .debug_aranges
                0x0000000000000b88      0x168 ./Drivers/STM32F4xx_HAL_Driver/Src/stm32f4xx_hal_tim_ex.o

.debug_ranges   0x0000000000000000      0xbf0
 .debug_ranges  0x0000000000000000       0xf0 ./Core/Src/GFX_FUNCTIONS.o
 .debug_ranges  0x00000000000000f0       0x80 ./Core/Src/ST7735.o
 .debug_ranges  0x0000000000000170       0x38 ./Core/Src/main.o
 .debug_ranges  0x00000000000001a8       0x30 ./Core/Src/stm32f4xx_hal_msp.o
 .debug_ranges  0x00000000000001d8       0x50 ./Core/Src/stm32f4xx_it.o
 .debug_ranges  0x0000000000000228       0x10 ./Core/Src/sysmem.o
 .debug_ranges  0x0000000000000238       0x18 ./Core/Src/system_stm32f4xx.o
 .debug_ranges  0x0000000000000250       0x20 ./Core/Startup/startup_stm32f405rgtx.o
 .debug_ranges  0x0000000000000270       0xe0 ./Drivers/STM32F4xx_HAL_Driver/Src/stm32f4xx_hal.o
 .debug_ranges  0x0000000000000350      0x108 ./Drivers/STM32F4xx_HAL_Driver/Src/stm32f4xx_hal_cortex.o
 .debug_ranges  0x0000000000000458       0x48 ./Drivers/STM32F4xx_HAL_Driver/Src/stm32f4xx_hal_gpio.o
 .debug_ranges  0x00000000000004a0       0x78 ./Drivers/STM32F4xx_HAL_Driver/Src/stm32f4xx_hal_rcc.o
 .debug_ranges  0x0000000000000518      0x1c0 ./Drivers/STM32F4xx_HAL_Driver/Src/stm32f4xx_hal_spi.o
 .debug_ranges  0x00000000000006d8      0x3c0 ./Drivers/STM32F4xx_HAL_Driver/Src/stm32f4xx_hal_tim.o
 .debug_ranges  0x0000000000000a98      0x158 ./Drivers/STM32F4xx_HAL_Driver/Src/stm32f4xx_hal_tim_ex.o

.debug_macro    0x0000000000000000    0x1f946
 .debug_macro   0x0000000000000000      0x2d1 ./Core/Src/GFX_FUNCTIONS.o
 .debug_macro   0x00000000000002d1      0xa78 ./Core/Src/GFX_FUNCTIONS.o
 .debug_macro   0x0000000000000d49       0x22 ./Core/Src/GFX_FUNCTIONS.o
 .debug_macro   0x0000000000000d6b       0x8e ./Core/Src/GFX_FUNCTIONS.o
 .debug_macro   0x0000000000000df9       0x51 ./Core/Src/GFX_FUNCTIONS.o
 .debug_macro   0x0000000000000e4a      0x103 ./Core/Src/GFX_FUNCTIONS.o
 .debug_macro   0x0000000000000f4d       0x6a ./Core/Src/GFX_FUNCTIONS.o
 .debug_macro   0x0000000000000fb7      0x1df ./Core/Src/GFX_FUNCTIONS.o
 .debug_macro   0x0000000000001196      0x29b ./Core/Src/GFX_FUNCTIONS.o
 .debug_macro   0x0000000000001431       0x2e ./Core/Src/GFX_FUNCTIONS.o
 .debug_macro   0x000000000000145f       0x2f ./Core/Src/GFX_FUNCTIONS.o
 .debug_macro   0x000000000000148e       0x1c ./Core/Src/GFX_FUNCTIONS.o
 .debug_macro   0x00000000000014aa       0x22 ./Core/Src/GFX_FUNCTIONS.o
 .debug_macro   0x00000000000014cc       0xd9 ./Core/Src/GFX_FUNCTIONS.o
 .debug_macro   0x00000000000015a5     0x102d ./Core/Src/GFX_FUNCTIONS.o
 .debug_macro   0x00000000000025d2      0x11f ./Core/Src/GFX_FUNCTIONS.o
 .debug_macro   0x00000000000026f1    0x1426d ./Core/Src/GFX_FUNCTIONS.o
 .debug_macro   0x000000000001695e       0x6d ./Core/Src/GFX_FUNCTIONS.o
 .debug_macro   0x00000000000169cb     0x367e ./Core/Src/GFX_FUNCTIONS.o
 .debug_macro   0x000000000001a049      0x174 ./Core/Src/GFX_FUNCTIONS.o
 .debug_macro   0x000000000001a1bd       0x5c ./Core/Src/GFX_FUNCTIONS.o
 .debug_macro   0x000000000001a219      0x8a7 ./Core/Src/GFX_FUNCTIONS.o
 .debug_macro   0x000000000001aac0      0x9fe ./Core/Src/GFX_FUNCTIONS.o
 .debug_macro   0x000000000001b4be      0x115 ./Core/Src/GFX_FUNCTIONS.o
 .debug_macro   0x000000000001b5d3      0x130 ./Core/Src/GFX_FUNCTIONS.o
 .debug_macro   0x000000000001b703       0xa5 ./Core/Src/GFX_FUNCTIONS.o
 .debug_macro   0x000000000001b7a8      0x174 ./Core/Src/GFX_FUNCTIONS.o
 .debug_macro   0x000000000001b91c      0x287 ./Core/Src/GFX_FUNCTIONS.o
 .debug_macro   0x000000000001bba3       0x5f ./Core/Src/GFX_FUNCTIONS.o
 .debug_macro   0x000000000001bc02      0x236 ./Core/Src/GFX_FUNCTIONS.o
 .debug_macro   0x000000000001be38      0x12c ./Core/Src/GFX_FUNCTIONS.o
 .debug_macro   0x000000000001bf64      0x21e ./Core/Src/GFX_FUNCTIONS.o
 .debug_macro   0x000000000001c182       0x2e ./Core/Src/GFX_FUNCTIONS.o
 .debug_macro   0x000000000001c1b0      0x11a ./Core/Src/GFX_FUNCTIONS.o
 .debug_macro   0x000000000001c2ca       0x7e ./Core/Src/GFX_FUNCTIONS.o
 .debug_macro   0x000000000001c348       0x89 ./Core/Src/GFX_FUNCTIONS.o
 .debug_macro   0x000000000001c3d1      0x225 ./Core/Src/GFX_FUNCTIONS.o
 .debug_macro   0x000000000001c5f6      0x8e6 ./Core/Src/GFX_FUNCTIONS.o
 .debug_macro   0x000000000001cedc       0x47 ./Core/Src/GFX_FUNCTIONS.o
 .debug_macro   0x000000000001cf23      0x12d ./Core/Src/GFX_FUNCTIONS.o
 .debug_macro   0x000000000001d050       0x22 ./Core/Src/GFX_FUNCTIONS.o
 .debug_macro   0x000000000001d072       0x3a ./Core/Src/GFX_FUNCTIONS.o
 .debug_macro   0x000000000001d0ac      0x184 ./Core/Src/GFX_FUNCTIONS.o
 .debug_macro   0x000000000001d230       0x1e ./Core/Src/GFX_FUNCTIONS.o
 .debug_macro   0x000000000001d24e       0x52 ./Core/Src/GFX_FUNCTIONS.o
 .debug_macro   0x000000000001d2a0       0x3c ./Core/Src/GFX_FUNCTIONS.o
 .debug_macro   0x000000000001d2dc       0x34 ./Core/Src/GFX_FUNCTIONS.o
 .debug_macro   0x000000000001d310       0x16 ./Core/Src/GFX_FUNCTIONS.o
 .debug_macro   0x000000000001d326       0x35 ./Core/Src/GFX_FUNCTIONS.o
 .debug_macro   0x000000000001d35b       0x16 ./Core/Src/GFX_FUNCTIONS.o
 .debug_macro   0x000000000001d371       0x43 ./Core/Src/GFX_FUNCTIONS.o
 .debug_macro   0x000000000001d3b4       0x34 ./Core/Src/GFX_FUNCTIONS.o
 .debug_macro   0x000000000001d3e8       0x10 ./Core/Src/GFX_FUNCTIONS.o
 .debug_macro   0x000000000001d3f8       0x58 ./Core/Src/GFX_FUNCTIONS.o
 .debug_macro   0x000000000001d450       0x71 ./Core/Src/GFX_FUNCTIONS.o
 .debug_macro   0x000000000001d4c1       0x1c ./Core/Src/GFX_FUNCTIONS.o
 .debug_macro   0x000000000001d4dd      0x12a ./Core/Src/GFX_FUNCTIONS.o
 .debug_macro   0x000000000001d607      0x341 ./Core/Src/GFX_FUNCTIONS.o
 .debug_macro   0x000000000001d948       0x16 ./Core/Src/GFX_FUNCTIONS.o
 .debug_macro   0x000000000001d95e       0x29 ./Core/Src/GFX_FUNCTIONS.o
 .debug_macro   0x000000000001d987      0x1f9 ./Core/Src/ST7735.o
 .debug_macro   0x000000000001db80       0x6d ./Core/Src/fonts.o
 .debug_macro   0x000000000001dbed      0x36c ./Core/Src/main.o
 .debug_macro   0x000000000001df59       0x34 ./Core/Src/main.o
 .debug_macro   0x000000000001df8d       0x16 ./Core/Src/main.o
 .debug_macro   0x000000000001dfa3       0x10 ./Core/Src/main.o
 .debug_macro   0x000000000001dfb3       0x10 ./Core/Src/main.o
 .debug_macro   0x000000000001dfc3       0x1c ./Core/Src/main.o
 .debug_macro   0x000000000001dfdf       0x52 ./Core/Src/main.o
 .debug_macro   0x000000000001e031       0x22 ./Core/Src/main.o
 .debug_macro   0x000000000001e053       0x10 ./Core/Src/main.o
 .debug_macro   0x000000000001e063       0x52 ./Core/Src/main.o
 .debug_macro   0x000000000001e0b5       0xd5 ./Core/Src/main.o
 .debug_macro   0x000000000001e18a       0x1c ./Core/Src/main.o
 .debug_macro   0x000000000001e1a6       0x3d ./Core/Src/main.o
 .debug_macro   0x000000000001e1e3       0x16 ./Core/Src/main.o
 .debug_macro   0x000000000001e1f9      0x145 ./Core/Src/main.o
 .debug_macro   0x000000000001e33e      0x1dd ./Core/Src/stm32f4xx_hal_msp.o
 .debug_macro   0x000000000001e51b      0x1e7 ./Core/Src/stm32f4xx_it.o
 .debug_macro   0x000000000001e702       0xff ./Core/Src/sysmem.o
 .debug_macro   0x000000000001e801      0x23b ./Core/Src/sysmem.o
 .debug_macro   0x000000000001ea3c      0x1ce ./Core/Src/system_stm32f4xx.o
 .debug_macro   0x000000000001ec0a      0x22e ./Drivers/STM32F4xx_HAL_Driver/Src/stm32f4xx_hal.o
 .debug_macro   0x000000000001ee38      0x1ce ./Drivers/STM32F4xx_HAL_Driver/Src/stm32f4xx_hal_cortex.o
 .debug_macro   0x000000000001f006      0x1d4 ./Drivers/STM32F4xx_HAL_Driver/Src/stm32f4xx_hal_gpio.o
 .debug_macro   0x000000000001f1da      0x1f2 ./Drivers/STM32F4xx_HAL_Driver/Src/stm32f4xx_hal_rcc.o
 .debug_macro   0x000000000001f3cc      0x1dd ./Drivers/STM32F4xx_HAL_Driver/Src/stm32f4xx_hal_spi.o
 .debug_macro   0x000000000001f5a9      0x1cf ./Drivers/STM32F4xx_HAL_Driver/Src/stm32f4xx_hal_tim.o
 .debug_macro   0x000000000001f778      0x1ce ./Drivers/STM32F4xx_HAL_Driver/Src/stm32f4xx_hal_tim_ex.o

.debug_line     0x0000000000000000     0xe316
 .debug_line    0x0000000000000000     0x14a7 ./Core/Src/GFX_FUNCTIONS.o
 .debug_line    0x00000000000014a7      0xacb ./Core/Src/ST7735.o
 .debug_line    0x0000000000001f72      0x37f ./Core/Src/fonts.o
 .debug_line    0x00000000000022f1      0xa20 ./Core/Src/main.o
 .debug_line    0x0000000000002d11      0x754 ./Core/Src/stm32f4xx_hal_msp.o
 .debug_line    0x0000000000003465      0x77d ./Core/Src/stm32f4xx_it.o
 .debug_line    0x0000000000003be2      0x4ea ./Core/Src/sysmem.o
 .debug_line    0x00000000000040cc      0x73c ./Core/Src/system_stm32f4xx.o
 .debug_line    0x0000000000004808       0x88 ./Core/Startup/startup_stm32f405rgtx.o
 .debug_line    0x0000000000004890      0x9a2 ./Drivers/STM32F4xx_HAL_Driver/Src/stm32f4xx_hal.o
 .debug_line    0x0000000000005232      0xc51 ./Drivers/STM32F4xx_HAL_Driver/Src/stm32f4xx_hal_cortex.o
 .debug_line    0x0000000000005e83      0xb16 ./Drivers/STM32F4xx_HAL_Driver/Src/stm32f4xx_hal_gpio.o
 .debug_line    0x0000000000006999      0xd1c ./Drivers/STM32F4xx_HAL_Driver/Src/stm32f4xx_hal_rcc.o
 .debug_line    0x00000000000076b5     0x1c2c ./Drivers/STM32F4xx_HAL_Driver/Src/stm32f4xx_hal_spi.o
 .debug_line    0x00000000000092e1     0x3696 ./Drivers/STM32F4xx_HAL_Driver/Src/stm32f4xx_hal_tim.o
 .debug_line    0x000000000000c977     0x199f ./Drivers/STM32F4xx_HAL_Driver/Src/stm32f4xx_hal_tim_ex.o

.debug_str      0x0000000000000000    0xc03d7
 .debug_str     0x0000000000000000    0xbb659 ./Core/Src/GFX_FUNCTIONS.o
                                      0xbb906 (size before relaxing)
 .debug_str     0x00000000000bb659      0x637 ./Core/Src/ST7735.o
                                      0xb8ead (size before relaxing)
 .debug_str     0x00000000000bbc90       0x51 ./Core/Src/fonts.o
                                       0x3cb0 (size before relaxing)
 .debug_str     0x00000000000bbce1     0x166c ./Core/Src/main.o
                                      0xbd182 (size before relaxing)
 .debug_str     0x00000000000bd34d       0xa2 ./Core/Src/stm32f4xx_hal_msp.o
                                      0xb8b76 (size before relaxing)
 .debug_str     0x00000000000bd3ef       0xc9 ./Core/Src/stm32f4xx_it.o
                                      0xb82ed (size before relaxing)
 .debug_str     0x00000000000bd4b8      0x4da ./Core/Src/sysmem.o
                                       0x5de6 (size before relaxing)
 .debug_str     0x00000000000bd992       0xdb ./Core/Src/system_stm32f4xx.o
                                      0xb833d (size before relaxing)
 .debug_str     0x00000000000bda6d       0x36 ./Core/Startup/startup_stm32f405rgtx.o
                                         0xa8 (size before relaxing)
 .debug_str     0x00000000000bdaa3      0xad2 ./Drivers/STM32F4xx_HAL_Driver/Src/stm32f4xx_hal.o
                                      0xb8ea0 (size before relaxing)
 .debug_str     0x00000000000be575      0x34a ./Drivers/STM32F4xx_HAL_Driver/Src/stm32f4xx_hal_cortex.o
                                      0xb8bd3 (size before relaxing)
 .debug_str     0x00000000000be8bf      0x110 ./Drivers/STM32F4xx_HAL_Driver/Src/stm32f4xx_hal_gpio.o
                                      0xb84b8 (size before relaxing)
 .debug_str     0x00000000000be9cf      0x233 ./Drivers/STM32F4xx_HAL_Driver/Src/stm32f4xx_hal_rcc.o
                                      0xb8771 (size before relaxing)
 .debug_str     0x00000000000bec02      0x58c ./Drivers/STM32F4xx_HAL_Driver/Src/stm32f4xx_hal_spi.o
                                      0xb8c01 (size before relaxing)
 .debug_str     0x00000000000bf18e      0xdb6 ./Drivers/STM32F4xx_HAL_Driver/Src/stm32f4xx_hal_tim.o
                                      0xb96b7 (size before relaxing)
 .debug_str     0x00000000000bff44      0x493 ./Drivers/STM32F4xx_HAL_Driver/Src/stm32f4xx_hal_tim_ex.o
                                      0xb8ed3 (size before relaxing)

.comment        0x0000000000000000       0x50
 .comment       0x0000000000000000       0x50 ./Core/Src/GFX_FUNCTIONS.o
                                         0x51 (size before relaxing)
 .comment       0x0000000000000050       0x51 ./Core/Src/ST7735.o
 .comment       0x0000000000000050       0x51 ./Core/Src/fonts.o
 .comment       0x0000000000000050       0x51 ./Core/Src/main.o
 .comment       0x0000000000000050       0x51 ./Core/Src/stm32f4xx_hal_msp.o
 .comment       0x0000000000000050       0x51 ./Core/Src/stm32f4xx_it.o
 .comment       0x0000000000000050       0x51 ./Core/Src/sysmem.o
 .comment       0x0000000000000050       0x51 ./Core/Src/system_stm32f4xx.o
 .comment       0x0000000000000050       0x51 ./Drivers/STM32F4xx_HAL_Driver/Src/stm32f4xx_hal.o
 .comment       0x0000000000000050       0x51 ./Drivers/STM32F4xx_HAL_Driver/Src/stm32f4xx_hal_cortex.o
 .comment       0x0000000000000050       0x51 ./Drivers/STM32F4xx_HAL_Driver/Src/stm32f4xx_hal_gpio.o
 .comment       0x0000000000000050       0x51 ./Drivers/STM32F4xx_HAL_Driver/Src/stm32f4xx_hal_rcc.o
 .comment       0x0000000000000050       0x51 ./Drivers/STM32F4xx_HAL_Driver/Src/stm32f4xx_hal_spi.o
 .comment       0x0000000000000050       0x51 ./Drivers/STM32F4xx_HAL_Driver/Src/stm32f4xx_hal_tim.o
 .comment       0x0000000000000050       0x51 ./Drivers/STM32F4xx_HAL_Driver/Src/stm32f4xx_hal_tim_ex.o

.debug_frame    0x0000000000000000     0x3a10
 .debug_frame   0x0000000000000000      0x478 ./Core/Src/GFX_FUNCTIONS.o
 .debug_frame   0x0000000000000478      0x23c ./Core/Src/ST7735.o
 .debug_frame   0x00000000000006b4       0xd8 ./Core/Src/main.o
 .debug_frame   0x000000000000078c       0xc8 ./Core/Src/stm32f4xx_hal_msp.o
 .debug_frame   0x0000000000000854      0x104 ./Core/Src/stm32f4xx_it.o
 .debug_frame   0x0000000000000958       0x34 ./Core/Src/sysmem.o
 .debug_frame   0x000000000000098c       0x58 ./Core/Src/system_stm32f4xx.o
 .debug_frame   0x00000000000009e4      0x374 ./Drivers/STM32F4xx_HAL_Driver/Src/stm32f4xx_hal.o
 .debug_frame   0x0000000000000d58      0x498 ./Drivers/STM32F4xx_HAL_Driver/Src/stm32f4xx_hal_cortex.o
 .debug_frame   0x00000000000011f0      0x14c ./Drivers/STM32F4xx_HAL_Driver/Src/stm32f4xx_hal_gpio.o
 .debug_frame   0x000000000000133c      0x1f4 ./Drivers/STM32F4xx_HAL_Driver/Src/stm32f4xx_hal_rcc.o
 .debug_frame   0x0000000000001530      0x824 ./Drivers/STM32F4xx_HAL_Driver/Src/stm32f4xx_hal_spi.o
 .debug_frame   0x0000000000001d54     0x11c4 ./Drivers/STM32F4xx_HAL_Driver/Src/stm32f4xx_hal_tim.o
 .debug_frame   0x0000000000002f18      0x638 ./Drivers/STM32F4xx_HAL_Driver/Src/stm32f4xx_hal_tim_ex.o
 .debug_frame   0x0000000000003550       0x20 c:/st/stm32cubeide_1.10.1/stm32cubeide/plugins/com.st.stm32cube.ide.mcu.externaltools.gnu-tools-for-stm32.10.3-2021.10.win32_1.0.0.202111181127/tools/bin/../lib/gcc/arm-none-eabi/10.3.1/../../../../arm-none-eabi/lib/thumb/v7e-m+fp/hard\libc_nano.a(lib_a-errno.o)
 .debug_frame   0x0000000000003570       0x2c c:/st/stm32cubeide_1.10.1/stm32cubeide/plugins/com.st.stm32cube.ide.mcu.externaltools.gnu-tools-for-stm32.10.3-2021.10.win32_1.0.0.202111181127/tools/bin/../lib/gcc/arm-none-eabi/10.3.1/../../../../arm-none-eabi/lib/thumb/v7e-m+fp/hard\libc_nano.a(lib_a-init.o)
 .debug_frame   0x000000000000359c       0x20 c:/st/stm32cubeide_1.10.1/stm32cubeide/plugins/com.st.stm32cube.ide.mcu.externaltools.gnu-tools-for-stm32.10.3-2021.10.win32_1.0.0.202111181127/tools/bin/../lib/gcc/arm-none-eabi/10.3.1/../../../../arm-none-eabi/lib/thumb/v7e-m+fp/hard\libc_nano.a(lib_a-memset.o)
 .debug_frame   0x00000000000035bc       0x6c c:/st/stm32cubeide_1.10.1/stm32cubeide/plugins/com.st.stm32cube.ide.mcu.externaltools.gnu-tools-for-stm32.10.3-2021.10.win32_1.0.0.202111181127/tools/bin/../lib/gcc/arm-none-eabi/10.3.1/../../../../arm-none-eabi/lib/thumb/v7e-m+fp/hard\libc_nano.a(lib_a-sprintf.o)
 .debug_frame   0x0000000000003628       0x90 c:/st/stm32cubeide_1.10.1/stm32cubeide/plugins/com.st.stm32cube.ide.mcu.externaltools.gnu-tools-for-stm32.10.3-2021.10.win32_1.0.0.202111181127/tools/bin/../lib/gcc/arm-none-eabi/10.3.1/../../../../arm-none-eabi/lib/thumb/v7e-m+fp/hard\libc_nano.a(lib_a-nano-svfprintf.o)
 .debug_frame   0x00000000000036b8       0x60 c:/st/stm32cubeide_1.10.1/stm32cubeide/plugins/com.st.stm32cube.ide.mcu.externaltools.gnu-tools-for-stm32.10.3-2021.10.win32_1.0.0.202111181127/tools/bin/../lib/gcc/arm-none-eabi/10.3.1/../../../../arm-none-eabi/lib/thumb/v7e-m+fp/hard\libc_nano.a(lib_a-nano-vfprintf_i.o)
 .debug_frame   0x0000000000003718       0x28 c:/st/stm32cubeide_1.10.1/stm32cubeide/plugins/com.st.stm32cube.ide.mcu.externaltools.gnu-tools-for-stm32.10.3-2021.10.win32_1.0.0.202111181127/tools/bin/../lib/gcc/arm-none-eabi/10.3.1/../../../../arm-none-eabi/lib/thumb/v7e-m+fp/hard\libc_nano.a(lib_a-memcpy-stub.o)
 .debug_frame   0x0000000000003740       0x28 c:/st/stm32cubeide_1.10.1/stm32cubeide/plugins/com.st.stm32cube.ide.mcu.externaltools.gnu-tools-for-stm32.10.3-2021.10.win32_1.0.0.202111181127/tools/bin/../lib/gcc/arm-none-eabi/10.3.1/../../../../arm-none-eabi/lib/thumb/v7e-m+fp/hard\libc_nano.a(lib_a-memmove.o)
 .debug_frame   0x0000000000003768       0x38 c:/st/stm32cubeide_1.10.1/stm32cubeide/plugins/com.st.stm32cube.ide.mcu.externaltools.gnu-tools-for-stm32.10.3-2021.10.win32_1.0.0.202111181127/tools/bin/../lib/gcc/arm-none-eabi/10.3.1/../../../../arm-none-eabi/lib/thumb/v7e-m+fp/hard\libc_nano.a(lib_a-nano-freer.o)
 .debug_frame   0x00000000000037a0       0x4c c:/st/stm32cubeide_1.10.1/stm32cubeide/plugins/com.st.stm32cube.ide.mcu.externaltools.gnu-tools-for-stm32.10.3-2021.10.win32_1.0.0.202111181127/tools/bin/../lib/gcc/arm-none-eabi/10.3.1/../../../../arm-none-eabi/lib/thumb/v7e-m+fp/hard\libc_nano.a(lib_a-nano-mallocr.o)
 .debug_frame   0x00000000000037ec       0x3c c:/st/stm32cubeide_1.10.1/stm32cubeide/plugins/com.st.stm32cube.ide.mcu.externaltools.gnu-tools-for-stm32.10.3-2021.10.win32_1.0.0.202111181127/tools/bin/../lib/gcc/arm-none-eabi/10.3.1/../../../../arm-none-eabi/lib/thumb/v7e-m+fp/hard\libc_nano.a(lib_a-nano-reallocr.o)
 .debug_frame   0x0000000000003828       0x2c c:/st/stm32cubeide_1.10.1/stm32cubeide/plugins/com.st.stm32cube.ide.mcu.externaltools.gnu-tools-for-stm32.10.3-2021.10.win32_1.0.0.202111181127/tools/bin/../lib/gcc/arm-none-eabi/10.3.1/../../../../arm-none-eabi/lib/thumb/v7e-m+fp/hard\libc_nano.a(lib_a-sbrkr.o)
 .debug_frame   0x0000000000003854       0x30 c:/st/stm32cubeide_1.10.1/stm32cubeide/plugins/com.st.stm32cube.ide.mcu.externaltools.gnu-tools-for-stm32.10.3-2021.10.win32_1.0.0.202111181127/tools/bin/../lib/gcc/arm-none-eabi/10.3.1/../../../../arm-none-eabi/lib/thumb/v7e-m+fp/hard\libc_nano.a(lib_a-mlock.o)
 .debug_frame   0x0000000000003884       0x20 c:/st/stm32cubeide_1.10.1/stm32cubeide/plugins/com.st.stm32cube.ide.mcu.externaltools.gnu-tools-for-stm32.10.3-2021.10.win32_1.0.0.202111181127/tools/bin/../lib/gcc/arm-none-eabi/10.3.1/../../../../arm-none-eabi/lib/thumb/v7e-m+fp/hard\libc_nano.a(lib_a-nano-msizer.o)
 .debug_frame   0x00000000000038a4       0x5c c:/st/stm32cubeide_1.10.1/stm32cubeide/plugins/com.st.stm32cube.ide.mcu.externaltools.gnu-tools-for-stm32.10.3-2021.10.win32_1.0.0.202111181127/tools/bin/../lib/gcc/arm-none-eabi/10.3.1/../../../../arm-none-eabi/lib/thumb/v7e-m+fp/hard\libc_nano.a(lib_a-reent.o)
 .debug_frame   0x0000000000003900       0xb0 c:/st/stm32cubeide_1.10.1/stm32cubeide/plugins/com.st.stm32cube.ide.mcu.externaltools.gnu-tools-for-stm32.10.3-2021.10.win32_1.0.0.202111181127/tools/bin/../lib/gcc/arm-none-eabi/10.3.1/../../../../arm-none-eabi/lib/thumb/v7e-m+fp/hard\libc_nano.a(lib_a-lock.o)
 .debug_frame   0x00000000000039b0       0x2c c:/st/stm32cubeide_1.10.1/stm32cubeide/plugins/com.st.stm32cube.ide.mcu.externaltools.gnu-tools-for-stm32.10.3-2021.10.win32_1.0.0.202111181127/tools/bin/../lib/gcc/arm-none-eabi/10.3.1/thumb/v7e-m+fp/hard\libgcc.a(_aeabi_uldivmod.o)
 .debug_frame   0x00000000000039dc       0x34 c:/st/stm32cubeide_1.10.1/stm32cubeide/plugins/com.st.stm32cube.ide.mcu.externaltools.gnu-tools-for-stm32.10.3-2021.10.win32_1.0.0.202111181127/tools/bin/../lib/gcc/arm-none-eabi/10.3.1/thumb/v7e-m+fp/hard\libgcc.a(_udivmoddi4.o)
