18:08:22 **** Incremental Build of configuration Debug for project feather405_st7735screen_1_8_inch ****
make -j8 all 
arm-none-eabi-gcc "../Core/Src/main.c" -mcpu=cortex-m4 -std=gnu11 -g3 -DDEBUG -DUSE_HAL_DRIVER -DSTM32F405xx -c -I../Core/Inc -I../Drivers/STM32F4xx_HAL_Driver/Inc -I../Drivers/STM32F4xx_HAL_Driver/Inc/Legacy -I../Drivers/CMSIS/Device/ST/STM32F4xx/Include -I../Drivers/CMSIS/Include -O0 -ffunction-sections -fdata-sections -Wall -fstack-usage -MMD -MP -MF"Core/Src/main.d" -MT"Core/Src/main.o" --specs=nano.specs -mfpu=fpv4-sp-d16 -mfloat-abi=hard -mthumb -o "Core/Src/main.o"
../Core/Src/main.c: In function 'main':
../Core/Src/main.c:112:13: warning: passing argument 1 of 'sprintf' from incompatible pointer type [-Wincompatible-pointer-types]
  112 |     sprintf(&buffer, "Ojete %d", counter);
      |             ^~~~~~~
      |             |
      |             char (*)[20]
In file included from ../Core/Src/main.c:27:
c:\st\stm32cubeide_1.10.1\stm32cubeide\plugins\com.st.stm32cube.ide.mcu.externaltools.gnu-tools-for-stm32.10.3-2021.10.win32_1.0.0.202111181127\tools\arm-none-eabi\include\stdio.h:244:14: note: expected 'char * restrict' but argument is of type 'char (*)[20]'
  244 | int sprintf (char *__restrict, const char *__restrict, ...)
      |              ^
arm-none-eabi-gcc -o "feather405_st7735screen_1_8_inch.elf" @"objects.list"   -mcpu=cortex-m4 -T"C:\Users\Javier\Documents\GitHub\Adafruits_feather_st7735s_1_8_inch_screen\feather405_st7735screen_1_8_inch\STM32F405RGTX_FLASH.ld" --specs=nosys.specs -Wl,-Map="feather405_st7735screen_1_8_inch.map" -Wl,--gc-sections -static --specs=nano.specs -mfpu=fpv4-sp-d16 -mfloat-abi=hard -mthumb -Wl,--start-group -lc -lm -Wl,--end-group
Finished building target: feather405_st7735screen_1_8_inch.elf
 
arm-none-eabi-size   feather405_st7735screen_1_8_inch.elf 
arm-none-eabi-objdump -h -S  feather405_st7735screen_1_8_inch.elf  > "feather405_st7735screen_1_8_inch.list"
   text	   data	    bss	    dec	    hex	filename
  16996	    128	   1784	  18908	   49dc	feather405_st7735screen_1_8_inch.elf
Finished building: default.size.stdout
 
Finished building: feather405_st7735screen_1_8_inch.list
 

18:08:23 Build Finished. 0 errors, 1 warnings. (took 878ms)

